Archive member included because of file (symbol)

/Applications/robolab/nxtOSEK/ecrobot/../ecrobot/libecrobot.a(ecrobot_interface.o)
                              build/src/main.o (ecrobot_set_light_sensor_active)
/Applications/robolab/nxtOSEK/ecrobot/../ecrobot/libecrobot.a(colorsensor.o)
                              /Applications/robolab/nxtOSEK/ecrobot/../ecrobot/libecrobot.a(ecrobot_interface.o) (colorsensor_init)
/Applications/robolab/nxtOSEK/ecrobot/../ecrobot/libecrobot.a(osek_hook.o)
                              build/kernel/osctl.o (StartupHook)
/Applications/robolab/nxtOSEK/ecrobot/../ecrobot/libecrobot.a(uart.oram)
                              build/config/at91sam7s-gnu/irq.oram (uart_isr_C_0)
/Applications/robolab/nxtOSEK/ecrobot/../ecrobot/libecrobot.a(systick.oram)
                              build/syslib/at91sam7s-gnu/lego_nxt/hw_sys_timer.oram (systick_low_priority_C)
/Applications/robolab/nxtOSEK/ecrobot/../ecrobot/libecrobot.a(byte_fifo.oram)
                              /Applications/robolab/nxtOSEK/ecrobot/../ecrobot/libecrobot.a(uart.oram) (byte_fifo_init)
/Applications/robolab/nxtOSEK/ecrobot/../ecrobot/libecrobot.a(aic.oram)
                              /Applications/robolab/nxtOSEK/ecrobot/../ecrobot/libecrobot.a(uart.oram) (aic_set_vector)
/Applications/robolab/nxtOSEK/ecrobot/../ecrobot/libecrobot.a(udp.oram)
                              build/config/at91sam7s-gnu/irq.oram (udp_isr_C)
/Applications/robolab/nxtOSEK/ecrobot/../ecrobot/libecrobot.a(twi.oram)
                              build/config/at91sam7s-gnu/irq.oram (twi_isr_C)
/Applications/robolab/nxtOSEK/ecrobot/../ecrobot/libecrobot.a(nxt_spi.oram)
                              build/config/at91sam7s-gnu/irq.oram (spi_isr_C)
/Applications/robolab/nxtOSEK/ecrobot/../ecrobot/libecrobot.a(nxt_motors.oram)
                              /Applications/robolab/nxtOSEK/ecrobot/../ecrobot/libecrobot.a(ecrobot_interface.o) (nxt_motor_get_count)
/Applications/robolab/nxtOSEK/ecrobot/../ecrobot/libecrobot.a(data_abort.oram)
                              build/ecrobot_init.o (data_abort_C)
/Applications/robolab/nxtOSEK/ecrobot/../ecrobot/libecrobot.a(display.oram)
                              build/ecrobot_base.o (display_update)
/Applications/robolab/nxtOSEK/ecrobot/../ecrobot/libecrobot.a(i2c.oram)
                              build/config/at91sam7s-gnu/irq.oram (i2c_timer_isr_C)
/Applications/robolab/nxtOSEK/ecrobot/../ecrobot/libecrobot.a(sound.oram)
                              /Applications/robolab/nxtOSEK/ecrobot/../ecrobot/libecrobot.a(ecrobot_interface.o) (sound_freq_vol)
/Applications/robolab/nxtOSEK/ecrobot/../ecrobot/libecrobot.a(bt.oram)
                              build/ecrobot_bluetooth.o (bt_send)
/Applications/robolab/nxtOSEK/ecrobot/../ecrobot/libecrobot.a(nxt_avr.oram)
                              build/ecrobot_base.o (nxt_avr_power_down)
/Applications/robolab/nxtOSEK/ecrobot/../ecrobot/libecrobot.a(sensors.oram)
                              /Applications/robolab/nxtOSEK/ecrobot/../ecrobot/libecrobot.a(ecrobot_interface.o) (set_digi0)
/Applications/robolab/nxtOSEK/ecrobot/../ecrobot/libecrobot.a(sensors1.oram)
                              /Applications/robolab/nxtOSEK/ecrobot/../ecrobot/libecrobot.a(colorsensor.o) (sp_read)
/Applications/robolab/nxtOSEK/ecrobot/../ecrobot/libecrobot.a(nxt_lcd.oram)
                              /Applications/robolab/nxtOSEK/ecrobot/../ecrobot/libecrobot.a(display.oram) (nxt_lcd_force_update)
/Applications/robolab/nxtOSEK/ecrobot/../ecrobot/libecrobot.a(flash_loader.oram)
                              build/ecrobot.o (set_flash_request)
/Applications/robolab/nxtOSEK/ecrobot/../ecrobot/libecrobot.a(interrupts.oram)
                              /Applications/robolab/nxtOSEK/ecrobot/../ecrobot/libecrobot.a(uart.oram) (interrupts_get_and_disable)
/Applications/robolab/nxtOSEK/ecrobot/../ecrobot/libecrobot.a(nxtosek_splash.obmp)
                              build/ecrobot_base.o (nxtosek_splash_bmp_start)
/Applications/robolab/nxtOSEK/ecrobot/../ecrobot/libecrobot.a(ecrobot_usb.o)
                              /Applications/robolab/nxtOSEK/ecrobot/../ecrobot/libecrobot.a(flash_loader.oram) (ecrobot_init_usb)
/Applications/robolab/nxtOSEK/ecrobot/../ecrobot/libecrobot.a(flashprog.oram)
                              /Applications/robolab/nxtOSEK/ecrobot/../ecrobot/libecrobot.a(flash_loader.oram) (flash_write_page)
/Applications/robolab/yagarto-4.6.2/bin/../lib/gcc/arm-none-eabi/4.6.2/thumb/libgcc.a(_thumb1_case_uqi.o)
                              /Applications/robolab/nxtOSEK/ecrobot/../ecrobot/libecrobot.a(uart.oram) (__gnu_thumb1_case_uqi)
/Applications/robolab/yagarto-4.6.2/bin/../lib/gcc/arm-none-eabi/4.6.2/thumb/libgcc.a(_thumb1_case_uhi.o)
                              /Applications/robolab/nxtOSEK/ecrobot/../ecrobot/libecrobot.a(i2c.oram) (__gnu_thumb1_case_uhi)
/Applications/robolab/yagarto-4.6.2/bin/../lib/gcc/arm-none-eabi/4.6.2/thumb/libgcc.a(_udivsi3.o)
[...]
Memory Configuration

Name             Origin             Length             Attributes
rom              0x00108000         0x00038000
vector_ram       0x00200000         0x00000040
ram              0x00200040         0x0000ffc0
*default*        0x00000000         0xffffffff

Linker script and memory map

LOAD build/kernel/alarm.o
LOAD build/kernel/event.o
LOAD build/kernel/interrupt.o
LOAD build/kernel/osctl.o
LOAD build/kernel/resource.o
LOAD build/kernel/task.o
LOAD build/kernel/task_manage.o
LOAD build/config/at91sam7s-gnu/cpu_config.o
LOAD build/config/at91sam7s-gnu/lego_nxt/sys_config.o
LOAD build/./kernel_cfg.o
LOAD build/syscalls.o
LOAD build/ecrobot_bluetooth.o
LOAD build/ecrobot_base.o
LOAD build/ecrobot.o
LOAD build/src/main.o
LOAD build/syslib/at91sam7s-gnu/lego_nxt/hw_sys_timer.oram
LOAD build/nxtvm/platform/nxt/vectors.o
LOAD build/config/at91sam7s-gnu/debug.o
LOAD build/config/at91sam7s-gnu/lego_nxt/sys_support.o
LOAD build/nxt_binary_header.o
LOAD build/nxt_entry_point.o
LOAD build/ecrobot_init.o
LOAD build/config/at91sam7s-gnu/cpu_support.oram
LOAD build/config/at91sam7s-gnu/irq.oram
LOAD /Applications/robolab/nxtOSEK/ecrobot/../c++/liblejososek.a
LOAD /Applications/robolab/nxtOSEK/ecrobot/../ecrobot/libecrobot.a
LOAD /Applications/robolab/yagarto-4.6.2/bin/../lib/gcc/arm-none-eabi/4.6.2/../../../../arm-none-eabi/lib/thumb/libstdc++.a
LOAD /Applications/robolab/yagarto-4.6.2/bin/../lib/gcc/arm-none-eabi/4.6.2/../../../../arm-none-eabi/lib/thumb/libm.a
START GROUP
LOAD /Applications/robolab/yagarto-4.6.2/bin/../lib/gcc/arm-none-eabi/4.6.2/thumb/libgcc.a
LOAD /Applications/robolab/yagarto-4.6.2/bin/../lib/gcc/arm-none-eabi/4.6.2/../../../../arm-none-eabi/lib/thumb/libc.a
END GROUP
                0x00108000                ROM_BASE = 0x108000
                0x00038000                ROM_SIZE = 0x38000
                0x00200000                RAM_BASE = 0x200000
                0x00010000                RAM_SIZE = 0x10000

.vectors        0x00200000       0x40 load address 0x00108000
 vectors.o(*.text *.text.*)
 .text          0x00200000       0x38 build/nxtvm/platform/nxt/vectors.o
                0x00200040                . = ALIGN (0x10)
 *fill*         0x00200038        0x8 00
                0x00200000                __vectors_ram_start__ = ADDR (.vectors)
                0x00200040                __vectors_ram_end__ = (ADDR (.vectors) + SIZEOF (.vectors))
                0x00108000                __vectors_load_start__ = LOADADDR (.vectors)
                0x00108040                __vectors_load_end__ = (LOADADDR (.vectors) + SIZEOF (.vectors))

.init           0x00108040      0x280
 *ecrobot_init.o(*.text *.text.*)
 .text          0x00108040      0x280 build/ecrobot_init.o
                0x00108040                start
                0x001081ac                undef_handler
                0x001081b0                swi_handler
                0x001081b4                prefetch_abort_handler
                0x001081b8                data_abort_handler
                0x001081d4                reserved_handler
                0x001082c0                . = ALIGN (0x10)

.ram_text       0x00200040     0x2e60 load address 0x001082c0
                0x00200040                . = ALIGN (0x10)
 *.oram(*.text *.text.* *.glue*)
 .text.systick_isr_C1
                0x00200040       0x28 build/syslib/at91sam7s-gnu/lego_nxt/hw_sys_timer.oram
                0x00200040                systick_isr_C1
 *fill*         0x00200068        0x8 00
 .text          0x00200070      0x230 build/config/at91sam7s-gnu/cpu_support.oram
                0x00200070                dispatch
                0x002000b0                activate_r
                0x002000e0                exit_and_dispatch
                0x002000f0                start_dispatch
                0x002001ac                _interrupt
                0x0020021c                int_return
                0x00200248                disable_int
                0x00200250                enable_int
                0x00200258                nop
 .text          0x002002a0      0x2c0 build/config/at91sam7s-gnu/irq.oram
                0x002002a0                default_isr
                0x002002a0                spurious_isr
                0x002002a0                default_fiq
                0x002002a4                systick_isr_entry
                0x002002ec                systick_low_priority_entry
                0x0020032c                udp_isr_entry
                0x0020036c                spi_isr_entry
                0x002003ac                twi_isr_entry
                0x002003ec                sound_isr_entry
                0x0020042c                uart_isr_entry_0
                0x0020046c                uart_isr_entry_1
                0x002004ac                nxt_motor_isr_entry
                0x002004ec                i2c_timer_isr_entry
 .text.uart_isr_C_0
                0x00200560       0x74 /Applications/robolab/nxtOSEK/ecrobot/../ecrobot/libecrobot.a(uart.oram)
                0x00200560                uart_isr_C_0
 .text.uart_isr_C_1
                0x002005d4        0x2 /Applications/robolab/nxtOSEK/ecrobot/../ecrobot/libecrobot.a(uart.oram)
                0x002005d4                uart_isr_C_1
 *fill*         0x002005d6        0x2 00
 .text.systick_low_priority_C
                0x002005d8       0x1c /Applications/robolab/nxtOSEK/ecrobot/../ecrobot/libecrobot.a(systick.oram)
                0x002005d8                systick_low_priority_C
 .text.systick_isr_C
                0x002005f4       0x24 /Applications/robolab/nxtOSEK/ecrobot/../ecrobot/libecrobot.a(systick.oram)
                0x002005f4                systick_isr_C
 .text.systick_get_ms
                0x00200618        0xc /Applications/robolab/nxtOSEK/ecrobot/../ecrobot/libecrobot.a(systick.oram)
                0x00200618                systick_get_ms
 .text.systick_wait_ms
                0x00200624       0x1c /Applications/robolab/nxtOSEK/ecrobot/../ecrobot/libecrobot.a(systick.oram)
                0x00200624                systick_wait_ms
 .text.systick_wait_ns
                0x00200640       0x1c /Applications/robolab/nxtOSEK/ecrobot/../ecrobot/libecrobot.a(systick.oram)
                0x00200640                systick_wait_ns
 .text.systick_init
                0x0020065c       0x58 /Applications/robolab/nxtOSEK/ecrobot/../ecrobot/libecrobot.a(systick.oram)
                0x0020065c                systick_init
 .text.systick_suspend
                0x002006b4        0xe /Applications/robolab/nxtOSEK/ecrobot/../ecrobot/libecrobot.a(systick.oram)
                0x002006b4                systick_suspend
 .text.systick_resume
                0x002006c2        0xe /Applications/robolab/nxtOSEK/ecrobot/../ecrobot/libecrobot.a(systick.oram)
                0x002006c2                systick_resume
 .text.byte_fifo_put
                0x002006d0       0x4a /Applications/robolab/nxtOSEK/ecrobot/../ecrobot/libecrobot.a(byte_fifo.oram)
                0x002006d0                byte_fifo_put
 .text.byte_fifo_get
                0x0020071a       0x2c /Applications/robolab/nxtOSEK/ecrobot/../ecrobot/libecrobot.a(byte_fifo.oram)
                0x0020071a                byte_fifo_get
 *fill*         0x00200746        0x2 00
 .text.aic_initialise
                0x00200748       0x5c /Applications/robolab/nxtOSEK/ecrobot/../ecrobot/libecrobot.a(aic.oram)
                0x00200748                aic_initialise
 .text.aic_set_vector
                0x002007a4       0x30 /Applications/robolab/nxtOSEK/ecrobot/../ecrobot/libecrobot.a(aic.oram)
                0x002007a4                aic_set_vector
 .text.aic_mask_on
                0x002007d4       0x24 /Applications/robolab/nxtOSEK/ecrobot/../ecrobot/libecrobot.a(aic.oram)
                0x002007d4                aic_mask_on
 .text.aic_mask_off
                0x002007f8       0x24 /Applications/robolab/nxtOSEK/ecrobot/../ecrobot/libecrobot.a(aic.oram)
                0x002007f8                aic_mask_off
 .text.aic_clear
                0x0020081c       0x24 /Applications/robolab/nxtOSEK/ecrobot/../ecrobot/libecrobot.a(aic.oram)
                0x0020081c                aic_clear
 .text.reset    0x00200840       0x4c /Applications/robolab/nxtOSEK/ecrobot/../ecrobot/libecrobot.a(udp.oram)
 .text.udp_send_null
                0x0020088c       0x2c /Applications/robolab/nxtOSEK/ecrobot/../ecrobot/libecrobot.a(udp.oram)
 .text.udp_send_stall
                0x002008b8       0x2c /Applications/robolab/nxtOSEK/ecrobot/../ecrobot/libecrobot.a(udp.oram)
 .text.udp_send_control
                0x002008e4       0x54 /Applications/robolab/nxtOSEK/ecrobot/../ecrobot/libecrobot.a(udp.oram)
 .text.udp_isr_C
                0x00200938      0x728 /Applications/robolab/nxtOSEK/ecrobot/../ecrobot/libecrobot.a(udp.oram)
                0x00200938                udp_isr_C
 .text.twi_status
                0x00201060       0x1c /Applications/robolab/nxtOSEK/ecrobot/../ecrobot/libecrobot.a(twi.oram)
                0x00201060                twi_status
 .text.twi_isr_C
                0x0020107c       0xbc /Applications/robolab/nxtOSEK/ecrobot/../ecrobot/libecrobot.a(twi.oram)
                0x0020107c                twi_isr_C
 .text.twi_reset
                0x00201138       0xc4 /Applications/robolab/nxtOSEK/ecrobot/../ecrobot/libecrobot.a(twi.oram)
                0x00201138                twi_reset
 .text.twi_init
                0x002011fc       0x4c /Applications/robolab/nxtOSEK/ecrobot/../ecrobot/libecrobot.a(twi.oram)
                0x002011fc                twi_init
 .text.twi_start_read
                0x00201248       0x5c /Applications/robolab/nxtOSEK/ecrobot/../ecrobot/libecrobot.a(twi.oram)
                0x00201248                twi_start_read
 .text.twi_start_write
                0x002012a4       0x5c /Applications/robolab/nxtOSEK/ecrobot/../ecrobot/libecrobot.a(twi.oram)
                0x002012a4                twi_start_write
 .text.spi_set_mode
                0x00201300       0x40 /Applications/robolab/nxtOSEK/ecrobot/../ecrobot/libecrobot.a(nxt_spi.oram)
 .text.spi_isr_C
                0x00201340       0x6c /Applications/robolab/nxtOSEK/ecrobot/../ecrobot/libecrobot.a(nxt_spi.oram)
                0x00201340                spi_isr_C
 .text.nxt_spi_init
                0x002013ac      0x140 /Applications/robolab/nxtOSEK/ecrobot/../ecrobot/libecrobot.a(nxt_spi.oram)
                0x002013ac                nxt_spi_init
 .text.nxt_spi_write
                0x002014ec       0x44 /Applications/robolab/nxtOSEK/ecrobot/../ecrobot/libecrobot.a(nxt_spi.oram)
                0x002014ec                nxt_spi_write
 .text.nxt_spi_set_display
                0x00201530       0x14 /Applications/robolab/nxtOSEK/ecrobot/../ecrobot/libecrobot.a(nxt_spi.oram)
                0x00201530                nxt_spi_set_display
 .text.nxt_spi_refresh
                0x00201544       0x28 /Applications/robolab/nxtOSEK/ecrobot/../ecrobot/libecrobot.a(nxt_spi.oram)
                0x00201544                nxt_spi_refresh
 .text.nxt_motor_set_count
                0x0020156c       0x14 /Applications/robolab/nxtOSEK/ecrobot/../ecrobot/libecrobot.a(nxt_motors.oram)
                0x0020156c                nxt_motor_set_count
 .text.nxt_motor_1kHz_process
                0x00201580       0x2c /Applications/robolab/nxtOSEK/ecrobot/../ecrobot/libecrobot.a(nxt_motors.oram)
                0x00201580                nxt_motor_1kHz_process
 .text.nxt_motor_quad_decode
                0x002015ac       0x48 /Applications/robolab/nxtOSEK/ecrobot/../ecrobot/libecrobot.a(nxt_motors.oram)
                0x002015ac                nxt_motor_quad_decode
 .text.nxt_motor_isr_C
                0x002015f4       0x84 /Applications/robolab/nxtOSEK/ecrobot/../ecrobot/libecrobot.a(nxt_motors.oram)
                0x002015f4                nxt_motor_isr_C
 .text.nxt_motor_init
                0x00201678       0x78 /Applications/robolab/nxtOSEK/ecrobot/../ecrobot/libecrobot.a(nxt_motors.oram)
                0x00201678                nxt_motor_init
 .text.data_abort_C
                0x002016f0       0x7c /Applications/robolab/nxtOSEK/ecrobot/../ecrobot/libecrobot.a(data_abort.oram)
                0x002016f0                data_abort_C
 .text.display_update
                0x0020176c       0x18 /Applications/robolab/nxtOSEK/ecrobot/../ecrobot/libecrobot.a(display.oram)
                0x0020176c                display_update
 .text.display_force_update
                0x00201784        0xc /Applications/robolab/nxtOSEK/ecrobot/../ecrobot/libecrobot.a(display.oram)
                0x00201784                display_force_update
 .text.display_clear
                0x00201790       0x24 /Applications/robolab/nxtOSEK/ecrobot/../ecrobot/libecrobot.a(display.oram)
                0x00201790                display_clear
 .text.display_goto_xy
                0x002017b4       0x14 /Applications/robolab/nxtOSEK/ecrobot/../ecrobot/libecrobot.a(display.oram)
                0x002017b4                display_goto_xy
 .text.display_char
                0x002017c8       0x58 /Applications/robolab/nxtOSEK/ecrobot/../ecrobot/libecrobot.a(display.oram)
                0x002017c8                display_char
 .text.display_string
                0x00201820       0x40 /Applications/robolab/nxtOSEK/ecrobot/../ecrobot/libecrobot.a(display.oram)
                0x00201820                display_string
 .text.display_unsigned_worker
                0x00201860       0x72 /Applications/robolab/nxtOSEK/ecrobot/../ecrobot/libecrobot.a(display.oram)
 *fill*         0x002018d2        0x2 00
 .text.display_hex
                0x002018d4       0x48 /Applications/robolab/nxtOSEK/ecrobot/../ecrobot/libecrobot.a(display.oram)
                0x002018d4                display_hex
 .text.display_unsigned
                0x0020191c        0xe /Applications/robolab/nxtOSEK/ecrobot/../ecrobot/libecrobot.a(display.oram)
                0x0020191c                display_unsigned
 .text.display_int
                0x0020192a       0x16 /Applications/robolab/nxtOSEK/ecrobot/../ecrobot/libecrobot.a(display.oram)
                0x0020192a                display_int
 .text.display_bitmap_copy
                0x00201940       0x78 /Applications/robolab/nxtOSEK/ecrobot/../ecrobot/libecrobot.a(display.oram)
                0x00201940                display_bitmap_copy
 .text.display_init
                0x002019b8       0x48 /Applications/robolab/nxtOSEK/ecrobot/../ecrobot/libecrobot.a(display.oram)
                0x002019b8                display_init
 .text.i2c_timer_isr_C
                0x00201a00      0x2fc /Applications/robolab/nxtOSEK/ecrobot/../ecrobot/libecrobot.a(i2c.oram)
                0x00201a00                i2c_timer_isr_C
 .text.i2c_disable
                0x00201cfc       0x24 /Applications/robolab/nxtOSEK/ecrobot/../ecrobot/libecrobot.a(i2c.oram)
                0x00201cfc                i2c_disable
 .text.i2c_init
                0x00201d20       0xb4 /Applications/robolab/nxtOSEK/ecrobot/../ecrobot/libecrobot.a(i2c.oram)
                0x00201d20                i2c_init
 .text.sound_interrupt_enable
                0x00201dd4       0x1c /Applications/robolab/nxtOSEK/ecrobot/../ecrobot/libecrobot.a(sound.oram)
                0x00201dd4                sound_interrupt_enable
 .text.sound_interrupt_disable
                0x00201df0       0x14 /Applications/robolab/nxtOSEK/ecrobot/../ecrobot/libecrobot.a(sound.oram)
                0x00201df0                sound_interrupt_disable
 .text.sound_init
                0x00201e04       0xb0 /Applications/robolab/nxtOSEK/ecrobot/../ecrobot/libecrobot.a(sound.oram)
                0x00201e04                sound_init
 .text.sound_fill_sample_buffer
                0x00201eb4       0xe4 /Applications/robolab/nxtOSEK/ecrobot/../ecrobot/libecrobot.a(sound.oram)
                0x00201eb4                sound_fill_sample_buffer
 .text.sound_isr_C
                0x00201f98      0x108 /Applications/robolab/nxtOSEK/ecrobot/../ecrobot/libecrobot.a(sound.oram)
                0x00201f98                sound_isr_C
 .text.bt_init  0x002020a0      0x1d4 /Applications/robolab/nxtOSEK/ecrobot/../ecrobot/libecrobot.a(bt.oram)
                0x002020a0                bt_init
 .text.nxt_avr_power_down
                0x00202274       0x10 /Applications/robolab/nxtOSEK/ecrobot/../ecrobot/libecrobot.a(nxt_avr.oram)
                0x00202274                nxt_avr_power_down
 .text.nxt_avr_link_init
                0x00202284       0x20 /Applications/robolab/nxtOSEK/ecrobot/../ecrobot/libecrobot.a(nxt_avr.oram)
                0x00202284                nxt_avr_link_init
 .text.nxt_avr_init
                0x002022a4       0x68 /Applications/robolab/nxtOSEK/ecrobot/../ecrobot/libecrobot.a(nxt_avr.oram)
                0x002022a4                nxt_avr_init
 .text.nxt_avr_1kHz_update
                0x0020230c      0x1b0 /Applications/robolab/nxtOSEK/ecrobot/../ecrobot/libecrobot.a(nxt_avr.oram)
                0x0020230c                nxt_avr_1kHz_update
 .text.buttons_get
                0x002024bc        0xc /Applications/robolab/nxtOSEK/ecrobot/../ecrobot/libecrobot.a(nxt_avr.oram)
                0x002024bc                buttons_get
 .text.battery_voltage
                0x002024c8       0x20 /Applications/robolab/nxtOSEK/ecrobot/../ecrobot/libecrobot.a(nxt_avr.oram)
                0x002024c8                battery_voltage
 .text.sensor_adc
                0x002024e8       0x24 /Applications/robolab/nxtOSEK/ecrobot/../ecrobot/libecrobot.a(nxt_avr.oram)
                0x002024e8                sensor_adc
 .text.nxt_avr_set_input_power
                0x0020250c       0x3c /Applications/robolab/nxtOSEK/ecrobot/../ecrobot/libecrobot.a(nxt_avr.oram)
                0x0020250c                nxt_avr_set_input_power
 .text.set_digi0
                0x00202548       0x48 /Applications/robolab/nxtOSEK/ecrobot/../ecrobot/libecrobot.a(sensors.oram)
                0x00202548                set_digi0
 .text.unset_digi0
                0x00202590       0x48 /Applications/robolab/nxtOSEK/ecrobot/../ecrobot/libecrobot.a(sensors.oram)
                0x00202590                unset_digi0
 .text.unset_digi1
                0x002025d8       0x48 /Applications/robolab/nxtOSEK/ecrobot/../ecrobot/libecrobot.a(sensors.oram)
                0x002025d8                unset_digi1
 .text.init_sensors
                0x00202620       0x58 /Applications/robolab/nxtOSEK/ecrobot/../ecrobot/libecrobot.a(sensors.oram)
                0x00202620                init_sensors
 .text.nxt_lcd_command
                0x00202678       0x16 /Applications/robolab/nxtOSEK/ecrobot/../ecrobot/libecrobot.a(nxt_lcd.oram)
                0x00202678                nxt_lcd_command
 .text.nxt_lcd_set_col
                0x0020268e       0x1e /Applications/robolab/nxtOSEK/ecrobot/../ecrobot/libecrobot.a(nxt_lcd.oram)
                0x0020268e                nxt_lcd_set_col
 .text.nxt_lcd_set_multiplex_rate
                0x002026ac       0x14 /Applications/robolab/nxtOSEK/ecrobot/../ecrobot/libecrobot.a(nxt_lcd.oram)
                0x002026ac                nxt_lcd_set_multiplex_rate
 .text.nxt_lcd_set_page_address
                0x002026c0       0x14 /Applications/robolab/nxtOSEK/ecrobot/../ecrobot/libecrobot.a(nxt_lcd.oram)
                0x002026c0                nxt_lcd_set_page_address
 .text.nxt_lcd_set_pot
                0x002026d4       0x18 /Applications/robolab/nxtOSEK/ecrobot/../ecrobot/libecrobot.a(nxt_lcd.oram)
                0x002026d4                nxt_lcd_set_pot
 .text.nxt_lcd_set_ram_address_control
                0x002026ec       0x14 /Applications/robolab/nxtOSEK/ecrobot/../ecrobot/libecrobot.a(nxt_lcd.oram)
                0x002026ec                nxt_lcd_set_ram_address_control
 .text.nxt_lcd_enable
                0x00202700       0x14 /Applications/robolab/nxtOSEK/ecrobot/../ecrobot/libecrobot.a(nxt_lcd.oram)
                0x00202700                nxt_lcd_enable
 .text.nxt_lcd_set_map_control
                0x00202714       0x16 /Applications/robolab/nxtOSEK/ecrobot/../ecrobot/libecrobot.a(nxt_lcd.oram)
                0x00202714                nxt_lcd_set_map_control
 .text.nxt_lcd_reset
                0x0020272a        0xe /Applications/robolab/nxtOSEK/ecrobot/../ecrobot/libecrobot.a(nxt_lcd.oram)
                0x0020272a                nxt_lcd_reset
 .text.nxt_lcd_set_bias_ratio
                0x00202738       0x14 /Applications/robolab/nxtOSEK/ecrobot/../ecrobot/libecrobot.a(nxt_lcd.oram)
                0x00202738                nxt_lcd_set_bias_ratio
 .text.nxt_lcd_force_update
                0x0020274c       0x30 /Applications/robolab/nxtOSEK/ecrobot/../ecrobot/libecrobot.a(nxt_lcd.oram)
                0x0020274c                nxt_lcd_force_update
 .text.nxt_lcd_update
                0x0020277c        0xc /Applications/robolab/nxtOSEK/ecrobot/../ecrobot/libecrobot.a(nxt_lcd.oram)
                0x0020277c                nxt_lcd_update
 .text.nxt_lcd_power_up
                0x00202788       0x48 /Applications/robolab/nxtOSEK/ecrobot/../ecrobot/libecrobot.a(nxt_lcd.oram)
                0x00202788                nxt_lcd_power_up
 .text.nxt_lcd_power_down
                0x002027d0        0xc /Applications/robolab/nxtOSEK/ecrobot/../ecrobot/libecrobot.a(nxt_lcd.oram)
                0x002027d0                nxt_lcd_power_down
 .text.nxt_lcd_init
                0x002027dc       0x18 /Applications/robolab/nxtOSEK/ecrobot/../ecrobot/libecrobot.a(nxt_lcd.oram)
                0x002027dc                nxt_lcd_init
 .text.verify_flash_page
                0x002027f4       0x2e /Applications/robolab/nxtOSEK/ecrobot/../ecrobot/libecrobot.a(flash_loader.oram)
 *fill*         0x00202822        0x2 00
 .text.set_flash_request
                0x00202824       0x38 /Applications/robolab/nxtOSEK/ecrobot/../ecrobot/libecrobot.a(flash_loader.oram)
                0x00202824                set_flash_request
 .text.nxt_device_init
                0x0020285c       0x38 /Applications/robolab/nxtOSEK/ecrobot/../ecrobot/libecrobot.a(flash_loader.oram)
                0x0020285c                nxt_device_init
 .text          0x00202894       0x68 /Applications/robolab/nxtOSEK/ecrobot/../ecrobot/libecrobot.a(interrupts.oram)
                0x00202894                interrupts_get_and_disable
                0x002028b8                interrupts_enable
                0x002028c8                fiq_get_and_disable
                0x002028ec                fiq_enable
 .text.flash_write_page
                0x002028fc       0xb8 /Applications/robolab/nxtOSEK/ecrobot/../ecrobot/libecrobot.a(flashprog.oram)
                0x002028fc                flash_write_page
 *fill*         0x002029b4        0x4 00
 .text.flash_write_page.stub
                0x002029b8       0x38 linker stubs
                0x002029f0                . = ALIGN (0x10)
 *fill*         0x002029f8        0x8 00
 *.oram(*.rodata *.rodata.*)
 .rodata.dd     0x00202a00       0x12 /Applications/robolab/nxtOSEK/ecrobot/../ecrobot/libecrobot.a(udp.oram)
 .rodata.ld     0x00202a12        0x4 /Applications/robolab/nxtOSEK/ecrobot/../ecrobot/libecrobot.a(udp.oram)
 .rodata.cfd    0x00202a16       0x20 /Applications/robolab/nxtOSEK/ecrobot/../ecrobot/libecrobot.a(udp.oram)
 .rodata.str1.1
                0x00202a36       0x1d /Applications/robolab/nxtOSEK/ecrobot/../ecrobot/libecrobot.a(data_abort.oram)
 .rodata.str1.1
                0x00202a53       0x67 /Applications/robolab/nxtOSEK/ecrobot/../ecrobot/libecrobot.a(display.oram)
 .rodata.font   0x00202aba      0x280 /Applications/robolab/nxtOSEK/ecrobot/../ecrobot/libecrobot.a(display.oram)
 *fill*         0x00202d3a        0x2 00
 .rodata.i2c_pin
                0x00202d3c       0x20 /Applications/robolab/nxtOSEK/ecrobot/../ecrobot/libecrobot.a(i2c.oram)
 .rodata        0x00202d5c        0x9 /Applications/robolab/nxtOSEK/ecrobot/../ecrobot/libecrobot.a(sound.oram)
 *fill*         0x00202d65        0x3 00
 .rodata.sample_pattern
                0x00202d68       0x84 /Applications/robolab/nxtOSEK/ecrobot/../ecrobot/libecrobot.a(sound.oram)
                0x00202d68                sample_pattern
 .rodata.silence
                0x00202dec       0x40 /Applications/robolab/nxtOSEK/ecrobot/../ecrobot/libecrobot.a(sound.oram)
                0x00202dec                silence
 .rodata.avr_brainwash_string
                0x00202e2c       0x30 /Applications/robolab/nxtOSEK/ecrobot/../ecrobot/libecrobot.a(nxt_avr.oram)
                0x00202e2c                avr_brainwash_string
 .rodata        0x00202e5c       0x20 /Applications/robolab/nxtOSEK/ecrobot/../ecrobot/libecrobot.a(sensors.oram)
 .rodata.str1.1
                0x00202e7c       0x21 /Applications/robolab/nxtOSEK/ecrobot/../ecrobot/libecrobot.a(flash_loader.oram)
                0x00202ea0                . = ALIGN (0x10)
 *fill*         0x00202e9d        0x3 00
                0x00200040                __ramtext_ram_start__ = ADDR (.ram_text)
                0x00202ea0                __ramtext_ram_end__ = (ADDR (.ram_text) + SIZEOF (.ram_text))
                0x001082c0                __ramtext_load_start__ = LOADADDR (.ram_text)
                0x0010b120                __ramtext_load_end__ = (__ramtext_load_start__ + SIZEOF (.ram_text))

.wav_data       0x0010b120        0x0
 *.owav(*.data *.data.*)
                0x0010b120                . = ALIGN (0x10)

.bmp_data       0x0010b120      0x440
 *.obmp(*.data *.data.*)
 .data          0x0010b120      0x43e /Applications/robolab/nxtOSEK/ecrobot/../ecrobot/libecrobot.a(nxtosek_splash.obmp)
                0x0010b120                nxtosek_splash_bmp_start
                0x0010b55e                nxtosek_splash_bmp_end
                0x0010b560                . = ALIGN (0x10)
 *fill*         0x0010b55e        0x2 00

.spr_data       0x0010b560        0x0
 *.ospr(*.data *.data.*)
                0x0010b560                . = ALIGN (0x10)

.data           0x00202ea0      0x480 load address 0x0010b560
 *(*.data *.data.*)
 .data.deviceStatus
                0x00202ea0        0x1 /Applications/robolab/nxtOSEK/ecrobot/../ecrobot/libecrobot.a(ecrobot_interface.o)
 .data.named    0x00202ea1       0x22 /Applications/robolab/nxtOSEK/ecrobot/../ecrobot/libecrobot.a(udp.oram)
 .data.snd      0x00202ec3       0x1a /Applications/robolab/nxtOSEK/ecrobot/../ecrobot/libecrobot.a(udp.oram)
 *fill*         0x00202edd        0x3 00
 .data.configured
                0x00202ee0        0x4 /Applications/robolab/nxtOSEK/ecrobot/../ecrobot/libecrobot.a(udp.oram)
 .bss.data      0x00202ee4        0x4 /Applications/robolab/nxtOSEK/ecrobot/../ecrobot/libecrobot.a(nxt_spi.oram)
                0x00202ee4                data
 .data.mode     0x00202ee8        0x1 /Applications/robolab/nxtOSEK/ecrobot/../ecrobot/libecrobot.a(nxt_spi.oram)
                0x00202ee8                mode
 *fill*         0x00202ee9        0x3 00
 .data.display_auto_update
                0x00202eec        0x4 /Applications/robolab/nxtOSEK/ecrobot/../ecrobot/libecrobot.a(display.oram)
                0x00202eec                display_auto_update
 .data          0x00202ef0      0x430 /Applications/robolab/yagarto-4.6.2/bin/../lib/gcc/arm-none-eabi/4.6.2/../../../../arm-none-eabi/lib/thumb/libc.a(lib_a-impure.o)
                0x00202ef0                _impure_ptr
                0x00203320                . = ALIGN (0x10)
                0x00202ea0                __data_ram_start__ = ADDR (.data)
                0x00203320                __data_ram_end__ = (ADDR (.data) + SIZEOF (.data))
                0x0010b560                __data_load_start__ = LOADADDR (.data)
                0x0010b9e0                __data_load_end__ = (__data_load_start__ + SIZEOF (.data))

.text           0x0010b9e0      0xcf0
                0x0010b9e0                . = ALIGN (0x10)
 *(.text .text.* *.glue*)
 .glue_7        0x00000000        0x0 linker stubs
 .glue_7t       0x00000000        0x0 linker stubs
 .text.call_posttaskhook
                0x0010b9e0       0x24 build/kernel/osctl.o
                0x0010b9e0                call_posttaskhook
 .text.call_pretaskhook
                0x0010ba04       0x24 build/kernel/osctl.o
                0x0010ba04                call_pretaskhook
 .text.StartOS  0x0010ba28       0x54 build/kernel/osctl.o
                0x0010ba28                StartOS
 .text.make_runnable
                0x0010ba7c       0x98 build/kernel/task.o
                0x0010ba7c                make_runnable
 .text.make_active
                0x0010bb14       0x74 build/kernel/task.o
                0x0010bb14                make_active
 .text.task_initialize
                0x0010bb88       0x80 build/kernel/task.o
                0x0010bb88                task_initialize
 .text.cpu_initialize
                0x0010bc08        0x2 build/config/at91sam7s-gnu/cpu_config.o
                0x0010bc08                cpu_initialize
 .text.sys_initialize
                0x0010bc0a        0x2 build/config/at91sam7s-gnu/lego_nxt/sys_config.o
                0x0010bc0a                sys_initialize
 .text.object_initialize
                0x0010bc0c        0xc build/./kernel_cfg.o
                0x0010bc0c                object_initialize
 .text.init_OS_flag
                0x0010bc18        0xc build/ecrobot_base.o
                0x0010bc18                init_OS_flag
 .text.set_OS_flag
                0x0010bc24        0xc build/ecrobot_base.o
                0x0010bc24                set_OS_flag
 .text.get_OS_flag
                0x0010bc30        0xc build/ecrobot_base.o
                0x0010bc30                get_OS_flag
 .text.cpp_constructor
                0x0010bc3c       0x28 build/ecrobot_base.o
                0x0010bc3c                cpp_constructor
 .text.cpp_destructor
                0x0010bc64        0xe build/ecrobot_base.o
                0x0010bc64                cpp_destructor
 *fill*         0x0010bc72        0x2 00
 .text.execution_mode
                0x0010bc74       0x14 build/ecrobot_base.o
                0x0010bc74                execution_mode
 .text.show_splash_screen
                0x0010bc88       0x98 build/ecrobot_base.o
                0x0010bc88                show_splash_screen
 .text.show_main_screen
                0x0010bd20       0x48 build/ecrobot_base.o
                0x0010bd20                show_main_screen
 .text.display_status_bar
                0x0010bd68       0x5c build/ecrobot_base.o
                0x0010bd68                display_status_bar
 .text.add_status_info
                0x0010bdc4       0x68 build/ecrobot_base.o
                0x0010bdc4                add_status_info
 .text.restart_NXT
                0x0010be2c       0x2e build/ecrobot_base.o
                0x0010be2c                restart_NXT
 .text.shutdown_NXT
                0x0010be5a       0x2e build/ecrobot_base.o
                0x0010be5a                shutdown_NXT
 .text.check_NXT_buttons
                0x0010be88       0x3c build/ecrobot_base.o
                0x0010be88                check_NXT_buttons
 .text.startup.main
                0x0010bec4      0x108 build/ecrobot.o
                0x0010bec4                main
 .text.user_1ms_isr_type2
                0x0010bfcc        0x2 build/src/main.o
                0x0010bfcc                user_1ms_isr_type2
 .text.ecrobot_device_initialize
                0x0010bfce        0xe build/src/main.o
                0x0010bfce                ecrobot_device_initialize
 .text.ecrobot_device_terminate
                0x0010bfdc        0xe build/src/main.o
                0x0010bfdc                ecrobot_device_terminate
 *fill*         0x0010bfea        0x2 00
 .text.hello_world
                0x0010bfec       0x30 build/src/main.o
                0x0010bfec                hello_world
 .text.TaskMainOSEK_Main_Task
                0x0010c01c       0x10 build/src/main.o
                0x0010c01c                TaskMainOSEK_Main_Task
 .text.ecrobot_set_light_sensor_active
                0x0010c02c        0xc /Applications/robolab/nxtOSEK/ecrobot/../ecrobot/libecrobot.a(ecrobot_interface.o)
                0x0010c02c                ecrobot_set_light_sensor_active
 .text.ecrobot_set_light_sensor_inactive
                0x0010c038        0xc /Applications/robolab/nxtOSEK/ecrobot/../ecrobot/libecrobot.a(ecrobot_interface.o)
                0x0010c038                ecrobot_set_light_sensor_inactive
 .text.ecrobot_get_light_sensor
                0x0010c044       0x10 /Applications/robolab/nxtOSEK/ecrobot/../ecrobot/libecrobot.a(ecrobot_interface.o)
                0x0010c044                ecrobot_get_light_sensor
 .text.ecrobot_get_battery_voltage
                0x0010c054        0xc /Applications/robolab/nxtOSEK/ecrobot/../ecrobot/libecrobot.a(ecrobot_interface.o)
                0x0010c054                ecrobot_get_battery_voltage
 .text.ecrobot_init_nxtstate
                0x0010c060       0x28 /Applications/robolab/nxtOSEK/ecrobot/../ecrobot/libecrobot.a(ecrobot_interface.o)
                0x0010c060                ecrobot_init_nxtstate
 .text.ecrobot_get_button_state
                0x0010c088        0xc /Applications/robolab/nxtOSEK/ecrobot/../ecrobot/libecrobot.a(ecrobot_interface.o)
                0x0010c088                ecrobot_get_button_state
 .text.ecrobot_poll_nxtstate
                0x0010c094       0x60 /Applications/robolab/nxtOSEK/ecrobot/../ecrobot/libecrobot.a(ecrobot_interface.o)
                0x0010c094                ecrobot_poll_nxtstate
 .text.ecrobot_setDeviceInitialized
                0x0010c0f4       0x18 /Applications/robolab/nxtOSEK/ecrobot/../ecrobot/libecrobot.a(ecrobot_interface.o)
                0x0010c0f4                ecrobot_setDeviceInitialized
 .text.ecrobot_initDeviceStatus
                0x0010c10c        0xc /Applications/robolab/nxtOSEK/ecrobot/../ecrobot/libecrobot.a(ecrobot_interface.o)
                0x0010c10c                ecrobot_initDeviceStatus
 .text.ecrobot_bmp2lcd
                0x0010c118      0x1b0 /Applications/robolab/nxtOSEK/ecrobot/../ecrobot/libecrobot.a(ecrobot_interface.o)
                0x0010c118                ecrobot_bmp2lcd
 .text.StartupHook
                0x0010c2c8        0x2 /Applications/robolab/nxtOSEK/ecrobot/../ecrobot/libecrobot.a(osek_hook.o)
                0x0010c2c8                StartupHook
 .text.PreTaskHook
                0x0010c2ca        0x2 /Applications/robolab/nxtOSEK/ecrobot/../ecrobot/libecrobot.a(osek_hook.o)
                0x0010c2ca                PreTaskHook
 .text.PostTaskHook
                0x0010c2cc        0x2 /Applications/robolab/nxtOSEK/ecrobot/../ecrobot/libecrobot.a(osek_hook.o)
                0x0010c2cc                PostTaskHook
 *fill*         0x0010c2ce        0x2 00
 .text          0x0010c2d0       0x14 /Applications/robolab/yagarto-4.6.2/bin/../lib/gcc/arm-none-eabi/4.6.2/thumb/libgcc.a(_thumb1_case_uqi.o)
                0x0010c2d0                __gnu_thumb1_case_uqi
 .text          0x0010c2e4       0x14 /Applications/robolab/yagarto-4.6.2/bin/../lib/gcc/arm-none-eabi/4.6.2/thumb/libgcc.a(_thumb1_case_uhi.o)
                0x0010c2e4                __gnu_thumb1_case_uhi
 .text          0x0010c2f8      0x11c /Applications/robolab/yagarto-4.6.2/bin/../lib/gcc/arm-none-eabi/4.6.2/thumb/libgcc.a(_udivsi3.o)
                0x0010c2f8                __udivsi3
                0x0010c2f8                __aeabi_uidiv
                0x0010c3f4                __aeabi_uidivmod
 .text          0x0010c414        0x4 /Applications/robolab/yagarto-4.6.2/bin/../lib/gcc/arm-none-eabi/4.6.2/thumb/libgcc.a(_dvmd_tls.o)
                0x0010c414                __aeabi_ldiv0
                0x0010c414                __aeabi_idiv0
 .text          0x0010c418       0x10 /Applications/robolab/yagarto-4.6.2/bin/../lib/gcc/arm-none-eabi/4.6.2/../../../../arm-none-eabi/lib/thumb/libc.a(lib_a-cxa_finalize.o)
                0x0010c418                __cxa_finalize
 .text          0x0010c428       0x98 /Applications/robolab/yagarto-4.6.2/bin/../lib/gcc/arm-none-eabi/4.6.2/../../../../arm-none-eabi/lib/thumb/libc.a(lib_a-memset.o)
                0x0010c428                memset
 .text          0x0010c4c0       0x10 /Applications/robolab/yagarto-4.6.2/bin/../lib/gcc/arm-none-eabi/4.6.2/../../../../arm-none-eabi/lib/thumb/libc.a(lib_a-strcpy.o)
                0x0010c4c0                strcpy
 .text          0x0010c4d0       0x10 /Applications/robolab/yagarto-4.6.2/bin/../lib/gcc/arm-none-eabi/4.6.2/../../../../arm-none-eabi/lib/thumb/libc.a(lib_a-strlen.o)
                0x0010c4d0                strlen
 .text          0x0010c4e0      0x114 /Applications/robolab/yagarto-4.6.2/bin/../lib/gcc/arm-none-eabi/4.6.2/../../../../arm-none-eabi/lib/thumb/libc.a(lib_a-__call_atexit.o)
                0x0010c4e0                __call_exitprocs
 *fill*         0x0010c5f4        0x4 00
 .text.stub     0x0010c5f8       0x34 linker stubs
                0x0010c630                . = ALIGN (0x10)
 *fill*         0x0010c630        0x0 00
 *(*.rodata *.rodata.*)
 .rodata.tnum_task
                0x0010c630        0x1 build/./kernel_cfg.o
                0x0010c630                tnum_task
 *fill*         0x0010c631        0x1 00
 .rodata.tinib_stksz
                0x0010c632        0x2 build/./kernel_cfg.o
                0x0010c632                tinib_stksz
 .rodata.tinib_inipri
                0x0010c634        0x1 build/./kernel_cfg.o
                0x0010c634                tinib_inipri
 *fill*         0x0010c635        0x3 00
 .rodata.tinib_stk
                0x0010c638        0x4 build/./kernel_cfg.o
                0x0010c638                tinib_stk
 .rodata.tnum_exttask
                0x0010c63c        0x1 build/./kernel_cfg.o
                0x0010c63c                tnum_exttask
 .rodata.tinib_exepri
                0x0010c63d        0x1 build/./kernel_cfg.o
                0x0010c63d                tinib_exepri
 .rodata.tinib_autoact
                0x0010c63e        0x1 build/./kernel_cfg.o
                0x0010c63e                tinib_autoact
 *fill*         0x0010c63f        0x1 00
 .rodata.tinib_task
                0x0010c640        0x4 build/./kernel_cfg.o
                0x0010c640                tinib_task
 .rodata.str1.1
                0x0010c644       0x6c build/ecrobot_base.o
 .rodata.exec_addr
                0x0010c6b0        0x4 build/ecrobot_base.o
                0x0010c6b0                exec_addr
 .rodata.str1.1
                0x0010c6b4        0xc build/src/main.o
 .rodata        0x0010c6c0        0x4 /Applications/robolab/yagarto-4.6.2/bin/../lib/gcc/arm-none-eabi/4.6.2/../../../../arm-none-eabi/lib/thumb/libc.a(lib_a-impure.o)
                0x0010c6c0                _global_impure_ptr
 .rodata.str1.4
                0x0010c6c4        0x4 /Applications/robolab/yagarto-4.6.2/bin/../lib/gcc/arm-none-eabi/4.6.2/../../../../arm-none-eabi/lib/thumb/libc.a(lib_a-impure.o)
                0x0010c6d0                . = ALIGN (0x10)
 *fill*         0x0010c6c8        0x8 00
 *(*.gnu.linkonce.* .gcc_except_table)
                0x0010c6d0                . = ALIGN (0x10)

.vfp11_veneer   0x0010c6d0        0x0
 .vfp11_veneer  0x00000000        0x0 linker stubs

.v4_bx          0x0010c6d0        0x0
 .v4_bx         0x00000000        0x0 linker stubs

.ARM.exidx      0x0010c6d0        0x0
                0x0010c6d0                __exidx_start = .
 *(.ARM.exidx* .gnu.linkonce.armexidx.*)
 */()
                0x0010c6d0                __exidx_end = .

.tors           0x0010c6d0        0x0
                0x0010c6d0                . = ALIGN (0x10)
                0x0010c6d0                __ctor_begin = .
 *(*.ctors*)
 *(.init_array)
                0x0010c6d0                __ctor_end = .
                0x0010c6d0                . = ALIGN (0x10)
                0x0010c6d0                __dtor_begin = .
 *(*.dtors*)
 *(.fini_array)
                0x0010c6d0                __dtor_end = .
                0x0010c6d0                . = ALIGN (0x10)
                0x0010c6d0                __rom_end__ = __dtor_end

.bss            0x00203320     0x1010
 *(*.bss *.bss.*)
 .bss.ready_queue_first
                0x00203320       0x10 build/kernel/task.o
 .bss.ready_primap
                0x00203330        0x2 build/kernel/task.o
 .bss.ready_queue_last
                0x00203332       0x10 build/kernel/task.o
 *fill*         0x00203342        0x2 00
 .bss._stack_OSEK_Main_Task
                0x00203344      0x200 build/./kernel_cfg.o
 .bss.last_act_time.2836
                0x00203544        0x4 build/ecrobot_base.o
 .bss.lcd.2794  0x00203548      0x320 build/ecrobot_base.o
 .bss.status_bar_position
                0x00203868        0x4 build/ecrobot_base.o
 .bss.status_bar
                0x0020386c       0x10 build/ecrobot_base.o
 .bss.OS_flag   0x0020387c        0x4 build/ecrobot_base.o
 .bss.ecrobot_inputs
                0x00203880        0x8 /Applications/robolab/nxtOSEK/ecrobot/../ecrobot/libecrobot.a(ecrobot_interface.o)
 .bss.buttons_states
                0x00203888       0x14 /Applications/robolab/nxtOSEK/ecrobot/../ecrobot/libecrobot.a(ecrobot_interface.o)
 .bss.buttons_i
                0x0020389c        0x4 /Applications/robolab/nxtOSEK/ecrobot/../ecrobot/libecrobot.a(ecrobot_interface.o)
 .bss.systick_ms
                0x002038a0        0x4 /Applications/robolab/nxtOSEK/ecrobot/../ecrobot/libecrobot.a(systick.oram)
 .bss.newAddress
                0x002038a4        0x4 /Applications/robolab/nxtOSEK/ecrobot/../ecrobot/libecrobot.a(udp.oram)
 .bss.outCnt    0x002038a8        0x4 /Applications/robolab/nxtOSEK/ecrobot/../ecrobot/libecrobot.a(udp.oram)
 .bss.currentConfig
                0x002038ac        0x1 /Applications/robolab/nxtOSEK/ecrobot/../ecrobot/libecrobot.a(udp.oram)
 *fill*         0x002038ad        0x3 00
 .bss.outPtr    0x002038b0        0x4 /Applications/robolab/nxtOSEK/ecrobot/../ecrobot/libecrobot.a(udp.oram)
 .bss.currentFeatures
                0x002038b4        0x4 /Applications/robolab/nxtOSEK/ecrobot/../ecrobot/libecrobot.a(udp.oram)
 .bss.delayedEnable
                0x002038b8        0x1 /Applications/robolab/nxtOSEK/ecrobot/../ecrobot/libecrobot.a(udp.oram)
 *fill*         0x002038b9        0x3 00
 .bss.currentRxBank
                0x002038bc        0x4 /Applications/robolab/nxtOSEK/ecrobot/../ecrobot/libecrobot.a(udp.oram)
 .bss.twi_state
                0x002038c0        0x1 /Applications/robolab/nxtOSEK/ecrobot/../ecrobot/libecrobot.a(twi.oram)
 *fill*         0x002038c1        0x3 00
 .bss.twi_ptr   0x002038c4        0x4 /Applications/robolab/nxtOSEK/ecrobot/../ecrobot/libecrobot.a(twi.oram)
 .bss.twi_pending
                0x002038c8        0x4 /Applications/robolab/nxtOSEK/ecrobot/../ecrobot/libecrobot.a(twi.oram)
 .bss.twi_mask  0x002038cc        0x4 /Applications/robolab/nxtOSEK/ecrobot/../ecrobot/libecrobot.a(twi.oram)
 .bss.dirty     0x002038d0        0x1 /Applications/robolab/nxtOSEK/ecrobot/../ecrobot/libecrobot.a(nxt_spi.oram)
                0x002038d0                dirty
 .bss.page      0x002038d1        0x1 /Applications/robolab/nxtOSEK/ecrobot/../ecrobot/libecrobot.a(nxt_spi.oram)
                0x002038d1                page
 *fill*         0x002038d2        0x2 00
 .bss.display   0x002038d4        0x4 /Applications/robolab/nxtOSEK/ecrobot/../ecrobot/libecrobot.a(nxt_spi.oram)
                0x002038d4                display
 .bss.motor     0x002038d8       0x30 /Applications/robolab/nxtOSEK/ecrobot/../ecrobot/libecrobot.a(nxt_motors.oram)
 .bss.nxt_motor_initialised
                0x00203908        0x4 /Applications/robolab/nxtOSEK/ecrobot/../ecrobot/libecrobot.a(nxt_motors.oram)
 .bss.interrupts_this_period
                0x0020390c        0x4 /Applications/robolab/nxtOSEK/ecrobot/../ecrobot/libecrobot.a(nxt_motors.oram)
 .bss.display_array
                0x00203910      0x388 /Applications/robolab/nxtOSEK/ecrobot/../ecrobot/libecrobot.a(display.oram)
 .bss.display_tick
                0x00203c98        0x4 /Applications/robolab/nxtOSEK/ecrobot/../ecrobot/libecrobot.a(display.oram)
                0x00203c98                display_tick
 .bss.i2c_port  0x00203c9c      0x170 /Applications/robolab/nxtOSEK/ecrobot/../ecrobot/libecrobot.a(i2c.oram)
 .bss.i2c_int_count
                0x00203e0c        0x4 /Applications/robolab/nxtOSEK/ecrobot/../ecrobot/libecrobot.a(i2c.oram)
 .bss.sound_mode
                0x00203e10        0x1 /Applications/robolab/nxtOSEK/ecrobot/../ecrobot/libecrobot.a(sound.oram)
                0x00203e10                sound_mode
 .bss.in_buf    0x00203e11      0x100 /Applications/robolab/nxtOSEK/ecrobot/../ecrobot/libecrobot.a(bt.oram)
 .bss.out_buf_ptr
                0x00203f11        0x1 /Applications/robolab/nxtOSEK/ecrobot/../ecrobot/libecrobot.a(bt.oram)
 *fill*         0x00203f12        0x2 00
 .bss.buf_ptr   0x00203f14        0x4 /Applications/robolab/nxtOSEK/ecrobot/../ecrobot/libecrobot.a(bt.oram)
 .bss.in_buf_in_ptr
                0x00203f18        0x1 /Applications/robolab/nxtOSEK/ecrobot/../ecrobot/libecrobot.a(bt.oram)
 *fill*         0x00203f19        0x3 00
 .bss.in_buf_idx
                0x00203f1c        0x4 /Applications/robolab/nxtOSEK/ecrobot/../ecrobot/libecrobot.a(bt.oram)
 .bss.update_count
                0x00203f20        0x4 /Applications/robolab/nxtOSEK/ecrobot/../ecrobot/libecrobot.a(nxt_avr.oram)
 .bss.debounce_state
                0x00203f24        0x2 /Applications/robolab/nxtOSEK/ecrobot/../ecrobot/libecrobot.a(nxt_avr.oram)
 .bss.button_state
                0x00203f26        0x2 /Applications/robolab/nxtOSEK/ecrobot/../ecrobot/libecrobot.a(nxt_avr.oram)
 .bss.from_buf  0x00203f28        0x4 /Applications/robolab/nxtOSEK/ecrobot/../ecrobot/libecrobot.a(nxt_avr.oram)
 .bss.io_from_avr
                0x00203f2c        0x4 /Applications/robolab/nxtOSEK/ecrobot/../ecrobot/libecrobot.a(nxt_avr.oram)
 .bss.data_from_avr
                0x00203f30       0x1a /Applications/robolab/nxtOSEK/ecrobot/../ecrobot/libecrobot.a(nxt_avr.oram)
 .bss.debounce_cnt
                0x00203f4a        0x2 /Applications/robolab/nxtOSEK/ecrobot/../ecrobot/libecrobot.a(nxt_avr.oram)
 .bss.nxt_avr_stats
                0x00203f4c       0x14 /Applications/robolab/nxtOSEK/ecrobot/../ecrobot/libecrobot.a(nxt_avr.oram)
 .bss.link_state
                0x00203f60        0x4 /Applications/robolab/nxtOSEK/ecrobot/../ecrobot/libecrobot.a(nxt_avr.oram)
 .bss.io_to_avr
                0x00203f64        0x8 /Applications/robolab/nxtOSEK/ecrobot/../ecrobot/libecrobot.a(nxt_avr.oram)
 .bss.prev_buttons
                0x00203f6c        0x2 /Applications/robolab/nxtOSEK/ecrobot/../ecrobot/libecrobot.a(nxt_avr.oram)
 .bss.data_to_avr
                0x00203f6e        0x9 /Applications/robolab/nxtOSEK/ecrobot/../ecrobot/libecrobot.a(nxt_avr.oram)
 *fill*         0x00203f77        0x1 00
 .bss.display   0x00203f78        0x4 /Applications/robolab/nxtOSEK/ecrobot/../ecrobot/libecrobot.a(nxt_lcd.oram)
                0x00000000                PROVIDE (__dso_handle, 0x0)
                0x00203f80                . = ALIGN (0x10)
 *fill*         0x00203f7c        0x4 00
                0x00203f80                __bss_end__ = .
 COMMON         0x00203f80        0x2 build/kernel/interrupt.o
                0x00203f80                runisr
                0x00203f81                sus_all_cnt
 *fill*         0x00203f82        0x2 00
 COMMON         0x00203f84       0x10 build/kernel/osctl.o
                0x00203f84                callevel
                0x00203f85                _errorhook_svcid
                0x00203f86                appmode
                0x00203f88                _errorhook_par1
                0x00203f8c                _errorhook_par3
                0x00203f90                _errorhook_par2
 COMMON         0x00203f94        0x3 build/kernel/task.o
                0x00203f94                runtsk
                0x00203f95                schedtsk
                0x00203f96                nextpri
 *fill*         0x00203f97        0x1 00
 COMMON         0x00203f98       0x2c build/./kernel_cfg.o
                0x00203f98                tcb_waievt
                0x00203f9c                rescb_prevpri
                0x00203f9d                almcb_prev
                0x00203f9e                tcb_lastres
                0x00203fa0                almcb_almval
                0x00203fa4                tcxb_pc
                0x00203fa8                tcb_next
                0x00203fa9                tcb_curpri
                0x00203faa                tcb_tstat
                0x00203fab                isrcb_lastres
                0x00203fac                cntcb_almque
                0x00203fad                rescb_prevres
                0x00203fae                tcb_actcnt
                0x00203fb0                tcb_curevt
                0x00203fb4                almcb_cycle
                0x00203fb8                tcxb_sp
                0x00203fbc                almcb_next
                0x00203fc0                cntcb_curval
 COMMON         0x00203fc4       0x44 /Applications/robolab/nxtOSEK/ecrobot/../ecrobot/libecrobot.a(uart.oram)
                0x00203fc4                uart
 COMMON         0x00204008        0x4 /Applications/robolab/nxtOSEK/ecrobot/../ecrobot/libecrobot.a(data_abort.oram)
                0x00204008                data_abort_pc
 COMMON         0x0020400c        0x8 /Applications/robolab/nxtOSEK/ecrobot/../ecrobot/libecrobot.a(display.oram)
                0x0020400c                display_x
                0x00204010                display_y
 COMMON         0x00204014      0x31c /Applications/robolab/nxtOSEK/ecrobot/../ecrobot/libecrobot.a(sound.oram)
                0x00204014                sample
                0x00203320                __bss_start__ = ADDR (.bss)
                0x00204330                __bss_end__ = (ADDR (.bss) + SIZEOF (.bss))
                0x00204330                PROVIDE (end, .)

.heap_area      0x00204330     0xb848
                0x0020fb78                . = (. + (0x20fb78 - end))
 *fill*         0x00204330     0xb848 00

.stack          0x0020fb78      0x488
                0x0020fbf8                . = (. + 0x80)
 *fill*         0x0020fb78       0x80 00
                0x0020fc00                . = ALIGN (0x10)
 *fill*         0x0020fbf8        0x8 00
                0x0020fc00                __irq_stack__ = .
                0x0020fc00                __system_stack_bottom__ = .
                0x00210000                . = (. + 0x400)
 *fill*         0x0020fc00      0x400 00
                0x00210000                . = ALIGN (0x10)
                0x00210000                __system_stack__ = .
                0x00210000                __system_stack_top__ = .
                0x0020fb78                __stack_start__ = ADDR (.stack)
                0x00210000                __stack_end__ = (ADDR (.stack) + SIZEOF (.stack))

/DISCARD/
 *(.debug*)
OUTPUT(main_rom.elf elf32-littlearm)

.comment        0x00000000       0x11
 .comment       0x00000000       0x11 build/kernel/alarm.o
                                 0x12 (size before relaxing)
 .comment       0x00000000       0x12 build/kernel/event.o
 .comment       0x00000000       0x12 build/kernel/interrupt.o
 .comment       0x00000000       0x12 build/kernel/osctl.o
 .comment       0x00000000       0x12 build/kernel/resource.o
 .comment       0x00000000       0x12 build/kernel/task.o
 .comment       0x00000000       0x12 build/kernel/task_manage.o
 .comment       0x00000000       0x12 build/config/at91sam7s-gnu/cpu_config.o
 .comment       0x00000000       0x12 build/config/at91sam7s-gnu/lego_nxt/sys_config.o
 .comment       0x00000000       0x12 build/./kernel_cfg.o
 .comment       0x00000000       0x12 build/syscalls.o
 .comment       0x00000000       0x12 build/ecrobot_bluetooth.o
 .comment       0x00000000       0x12 build/ecrobot_base.o
 .comment       0x00000000       0x12 build/ecrobot.o
 .comment       0x00000000       0x12 build/src/main.o
 .comment       0x00000000       0x12 build/syslib/at91sam7s-gnu/lego_nxt/hw_sys_timer.oram
 .comment       0x00000000       0x12 /Applications/robolab/nxtOSEK/ecrobot/../ecrobot/libecrobot.a(ecrobot_interface.o)
 .comment       0x00000000       0x12 /Applications/robolab/nxtOSEK/ecrobot/../ecrobot/libecrobot.a(colorsensor.o)
 .comment       0x00000000       0x12 /Applications/robolab/nxtOSEK/ecrobot/../ecrobot/libecrobot.a(osek_hook.o)
 .comment       0x00000000       0x12 /Applications/robolab/nxtOSEK/ecrobot/../ecrobot/libecrobot.a(uart.oram)
 .comment       0x00000000       0x12 /Applications/robolab/nxtOSEK/ecrobot/../ecrobot/libecrobot.a(systick.oram)
 .comment       0x00000000       0x12 /Applications/robolab/nxtOSEK/ecrobot/../ecrobot/libecrobot.a(byte_fifo.oram)
 .comment       0x00000000       0x12 /Applications/robolab/nxtOSEK/ecrobot/../ecrobot/libecrobot.a(aic.oram)
 .comment       0x00000000       0x12 /Applications/robolab/nxtOSEK/ecrobot/../ecrobot/libecrobot.a(udp.oram)
 .comment       0x00000000       0x12 /Applications/robolab/nxtOSEK/ecrobot/../ecrobot/libecrobot.a(twi.oram)
 .comment       0x00000000       0x12 /Applications/robolab/nxtOSEK/ecrobot/../ecrobot/libecrobot.a(nxt_spi.oram)
 .comment       0x00000000       0x12 /Applications/robolab/nxtOSEK/ecrobot/../ecrobot/libecrobot.a(nxt_motors.oram)
 .comment       0x00000000       0x12 /Applications/robolab/nxtOSEK/ecrobot/../ecrobot/libecrobot.a(data_abort.oram)
 .comment       0x00000000       0x12 /Applications/robolab/nxtOSEK/ecrobot/../ecrobot/libecrobot.a(display.oram)
 .comment       0x00000000       0x12 /Applications/robolab/nxtOSEK/ecrobot/../ecrobot/libecrobot.a(i2c.oram)
 .comment       0x00000000       0x12 /Applications/robolab/nxtOSEK/ecrobot/../ecrobot/libecrobot.a(sound.oram)
 .comment       0x00000000       0x12 /Applications/robolab/nxtOSEK/ecrobot/../ecrobot/libecrobot.a(bt.oram)
 .comment       0x00000000       0x12 /Applications/robolab/nxtOSEK/ecrobot/../ecrobot/libecrobot.a(nxt_avr.oram)
 .comment       0x00000000       0x12 /Applications/robolab/nxtOSEK/ecrobot/../ecrobot/libecrobot.a(sensors.oram)
 .comment       0x00000000       0x12 /Applications/robolab/nxtOSEK/ecrobot/../ecrobot/libecrobot.a(sensors1.oram)
 .comment       0x00000000       0x12 /Applications/robolab/nxtOSEK/ecrobot/../ecrobot/libecrobot.a(nxt_lcd.oram)
 .comment       0x00000000       0x12 /Applications/robolab/nxtOSEK/ecrobot/../ecrobot/libecrobot.a(flash_loader.oram)
 .comment       0x00000000       0x12 /Applications/robolab/nxtOSEK/ecrobot/../ecrobot/libecrobot.a(ecrobot_usb.o)
 .comment       0x00000000       0x12 /Applications/robolab/nxtOSEK/ecrobot/../ecrobot/libecrobot.a(flashprog.oram)
 .comment       0x00000000       0x12 /Applications/robolab/yagarto-4.6.2/bin/../lib/gcc/arm-none-eabi/4.6.2/thumb/libgcc.a(_muldi3.o)
 .comment       0x00000000       0x12 /Applications/robolab/yagarto-4.6.2/bin/../lib/gcc/arm-none-eabi/4.6.2/thumb/libgcc.a(bpabi.o)
 .comment       0x00000000       0x12 /Applications/robolab/yagarto-4.6.2/bin/../lib/gcc/arm-none-eabi/4.6.2/thumb/libgcc.a(unwind-arm.o)
 .comment       0x00000000       0x12 /Applications/robolab/yagarto-4.6.2/bin/../lib/gcc/arm-none-eabi/4.6.2/thumb/libgcc.a(pr-support.o)
 .comment       0x00000000       0x12 /Applications/robolab/yagarto-4.6.2/bin/../lib/gcc/arm-none-eabi/4.6.2/thumb/libgcc.a(_divdi3.o)
 .comment       0x00000000       0x12 /Applications/robolab/yagarto-4.6.2/bin/../lib/gcc/arm-none-eabi/4.6.2/thumb/libgcc.a(_udivdi3.o)
 .comment       0x00000000       0x12 /Applications/robolab/yagarto-4.6.2/bin/../lib/gcc/arm-none-eabi/4.6.2/../../../../arm-none-eabi/lib/thumb/libc.a(lib_a-abort.o)
 .comment       0x00000000       0x12 /Applications/robolab/yagarto-4.6.2/bin/../lib/gcc/arm-none-eabi/4.6.2/../../../../arm-none-eabi/lib/thumb/libc.a(lib_a-cxa_finalize.o)
 .comment       0x00000000       0x12 /Applications/robolab/yagarto-4.6.2/bin/../lib/gcc/arm-none-eabi/4.6.2/../../../../arm-none-eabi/lib/thumb/libc.a(lib_a-memcpy.o)
 .comment       0x00000000       0x12 /Applications/robolab/yagarto-4.6.2/bin/../lib/gcc/arm-none-eabi/4.6.2/../../../../arm-none-eabi/lib/thumb/libc.a(lib_a-memset.o)
 .comment       0x00000000       0x12 /Applications/robolab/yagarto-4.6.2/bin/../lib/gcc/arm-none-eabi/4.6.2/../../../../arm-none-eabi/lib/thumb/libc.a(lib_a-signal.o)
 .comment       0x00000000       0x12 /Applications/robolab/yagarto-4.6.2/bin/../lib/gcc/arm-none-eabi/4.6.2/../../../../arm-none-eabi/lib/thumb/libc.a(lib_a-signalr.o)
 .comment       0x00000000       0x12 /Applications/robolab/yagarto-4.6.2/bin/../lib/gcc/arm-none-eabi/4.6.2/../../../../arm-none-eabi/lib/thumb/libc.a(lib_a-strcmp.o)
 .comment       0x00000000       0x12 /Applications/robolab/yagarto-4.6.2/bin/../lib/gcc/arm-none-eabi/4.6.2/../../../../arm-none-eabi/lib/thumb/libc.a(lib_a-strcpy.o)
 .comment       0x00000000       0x12 /Applications/robolab/yagarto-4.6.2/bin/../lib/gcc/arm-none-eabi/4.6.2/../../../../arm-none-eabi/lib/thumb/libc.a(lib_a-strlen.o)
 .comment       0x00000000       0x12 /Applications/robolab/yagarto-4.6.2/bin/../lib/gcc/arm-none-eabi/4.6.2/../../../../arm-none-eabi/lib/thumb/libc.a(lib_a-strncpy.o)
 .comment       0x00000000       0x12 /Applications/robolab/yagarto-4.6.2/bin/../lib/gcc/arm-none-eabi/4.6.2/../../../../arm-none-eabi/lib/thumb/libc.a(lib_a-__call_atexit.o)
 .comment       0x00000000       0x12 /Applications/robolab/yagarto-4.6.2/bin/../lib/gcc/arm-none-eabi/4.6.2/../../../../arm-none-eabi/lib/thumb/libc.a(lib_a-impure.o)
 .comment       0x00000000       0x12 /Applications/robolab/yagarto-4.6.2/bin/../lib/gcc/arm-none-eabi/4.6.2/../../../../arm-none-eabi/lib/thumb/libc.a(lib_a-mallocr.o)
 .comment       0x00000000       0x12 /Applications/robolab/yagarto-4.6.2/bin/../lib/gcc/arm-none-eabi/4.6.2/../../../../arm-none-eabi/lib/thumb/libc.a(lib_a-mlock.o)
 .comment       0x00000000       0x12 /Applications/robolab/yagarto-4.6.2/bin/../lib/gcc/arm-none-eabi/4.6.2/../../../../arm-none-eabi/lib/thumb/libc.a(lib_a-reent.o)
 .comment       0x00000000       0x12 /Applications/robolab/yagarto-4.6.2/bin/../lib/gcc/arm-none-eabi/4.6.2/../../../../arm-none-eabi/lib/thumb/libc.a(lib_a-freer.o)

.ARM.attributes
                0x00000000       0x2e
 .ARM.attributes
                0x00000000       0x32 build/kernel/alarm.o
 .ARM.attributes
                0x00000032       0x32 build/kernel/event.o
 .ARM.attributes
                0x00000064       0x32 build/kernel/interrupt.o
 .ARM.attributes
                0x00000096       0x32 build/kernel/osctl.o
 .ARM.attributes
                0x000000c8       0x32 build/kernel/resource.o
 .ARM.attributes
                0x000000fa       0x32 build/kernel/task.o
 .ARM.attributes
                0x0000012c       0x32 build/kernel/task_manage.o
 .ARM.attributes
                0x0000015e       0x32 build/config/at91sam7s-gnu/cpu_config.o
 .ARM.attributes
                0x00000190       0x32 build/config/at91sam7s-gnu/lego_nxt/sys_config.o
 .ARM.attributes
                0x000001c2       0x32 build/./kernel_cfg.o
 .ARM.attributes
                0x000001f4       0x32 build/syscalls.o
 .ARM.attributes
                0x00000226       0x32 build/ecrobot_bluetooth.o
 .ARM.attributes
                0x00000258       0x32 build/ecrobot_base.o
 .ARM.attributes
                0x0000028a       0x32 build/ecrobot.o
 .ARM.attributes
                0x000002bc       0x32 build/src/main.o
 .ARM.attributes
                0x000002ee       0x32 build/syslib/at91sam7s-gnu/lego_nxt/hw_sys_timer.oram
 .ARM.attributes
                0x00000320       0x22 build/nxtvm/platform/nxt/vectors.o
 .ARM.attributes
                0x00000342       0x22 build/config/at91sam7s-gnu/debug.o
 .ARM.attributes
                0x00000364       0x22 build/config/at91sam7s-gnu/lego_nxt/sys_support.o
 .ARM.attributes
                0x00000386       0x22 build/nxt_binary_header.o
 .ARM.attributes
                0x000003a8       0x22 build/nxt_entry_point.o
 .ARM.attributes
                0x000003ca       0x22 build/ecrobot_init.o
 .ARM.attributes
                0x000003ec       0x22 build/config/at91sam7s-gnu/cpu_support.oram
 .ARM.attributes
                0x0000040e       0x22 build/config/at91sam7s-gnu/irq.oram
 .ARM.attributes
                0x00000430       0x32 /Applications/robolab/nxtOSEK/ecrobot/../ecrobot/libecrobot.a(ecrobot_interface.o)
 .ARM.attributes
                0x00000462       0x32 /Applications/robolab/nxtOSEK/ecrobot/../ecrobot/libecrobot.a(colorsensor.o)
 .ARM.attributes
                0x00000494       0x32 /Applications/robolab/nxtOSEK/ecrobot/../ecrobot/libecrobot.a(osek_hook.o)
 .ARM.attributes
                0x000004c6       0x32 /Applications/robolab/nxtOSEK/ecrobot/../ecrobot/libecrobot.a(uart.oram)
 .ARM.attributes
                0x000004f8       0x32 /Applications/robolab/nxtOSEK/ecrobot/../ecrobot/libecrobot.a(systick.oram)
 .ARM.attributes
                0x0000052a       0x32 /Applications/robolab/nxtOSEK/ecrobot/../ecrobot/libecrobot.a(byte_fifo.oram)
 .ARM.attributes
                0x0000055c       0x32 /Applications/robolab/nxtOSEK/ecrobot/../ecrobot/libecrobot.a(aic.oram)
 .ARM.attributes
                0x0000058e       0x32 /Applications/robolab/nxtOSEK/ecrobot/../ecrobot/libecrobot.a(udp.oram)
 .ARM.attributes
                0x000005c0       0x32 /Applications/robolab/nxtOSEK/ecrobot/../ecrobot/libecrobot.a(twi.oram)
 .ARM.attributes
                0x000005f2       0x32 /Applications/robolab/nxtOSEK/ecrobot/../ecrobot/libecrobot.a(nxt_spi.oram)
 .ARM.attributes
                0x00000624       0x32 /Applications/robolab/nxtOSEK/ecrobot/../ecrobot/libecrobot.a(nxt_motors.oram)
 .ARM.attributes
                0x00000656       0x32 /Applications/robolab/nxtOSEK/ecrobot/../ecrobot/libecrobot.a(data_abort.oram)
 .ARM.attributes
                0x00000688       0x32 /Applications/robolab/nxtOSEK/ecrobot/../ecrobot/libecrobot.a(display.oram)
 .ARM.attributes
                0x000006ba       0x32 /Applications/robolab/nxtOSEK/ecrobot/../ecrobot/libecrobot.a(i2c.oram)
 .ARM.attributes
                0x000006ec       0x32 /Applications/robolab/nxtOSEK/ecrobot/../ecrobot/libecrobot.a(sound.oram)
 .ARM.attributes
                0x0000071e       0x32 /Applications/robolab/nxtOSEK/ecrobot/../ecrobot/libecrobot.a(bt.oram)
 .ARM.attributes
                0x00000750       0x32 /Applications/robolab/nxtOSEK/ecrobot/../ecrobot/libecrobot.a(nxt_avr.oram)
 .ARM.attributes
                0x00000782       0x32 /Applications/robolab/nxtOSEK/ecrobot/../ecrobot/libecrobot.a(sensors.oram)
 .ARM.attributes
                0x000007b4       0x32 /Applications/robolab/nxtOSEK/ecrobot/../ecrobot/libecrobot.a(sensors1.oram)
 .ARM.attributes
                0x000007e6       0x32 /Applications/robolab/nxtOSEK/ecrobot/../ecrobot/libecrobot.a(nxt_lcd.oram)
 .ARM.attributes
                0x00000818       0x32 /Applications/robolab/nxtOSEK/ecrobot/../ecrobot/libecrobot.a(flash_loader.oram)
 .ARM.attributes
                0x0000084a       0x22 /Applications/robolab/nxtOSEK/ecrobot/../ecrobot/libecrobot.a(interrupts.oram)
 .ARM.attributes
                0x0000086c       0x32 /Applications/robolab/nxtOSEK/ecrobot/../ecrobot/libecrobot.a(ecrobot_usb.o)
 .ARM.attributes
                0x0000089e       0x32 /Applications/robolab/nxtOSEK/ecrobot/../ecrobot/libecrobot.a(flashprog.oram)
 .ARM.attributes
                0x000008d0       0x18 /Applications/robolab/yagarto-4.6.2/bin/../lib/gcc/arm-none-eabi/4.6.2/thumb/libgcc.a(_thumb1_case_uqi.o)
 .ARM.attributes
                0x000008e8       0x18 /Applications/robolab/yagarto-4.6.2/bin/../lib/gcc/arm-none-eabi/4.6.2/thumb/libgcc.a(_thumb1_case_uhi.o)
 .ARM.attributes
                0x00000900       0x1a /Applications/robolab/yagarto-4.6.2/bin/../lib/gcc/arm-none-eabi/4.6.2/thumb/libgcc.a(_udivsi3.o)
 .ARM.attributes
                0x0000091a       0x1a /Applications/robolab/yagarto-4.6.2/bin/../lib/gcc/arm-none-eabi/4.6.2/thumb/libgcc.a(_divsi3.o)
 .ARM.attributes
                0x00000934       0x18 /Applications/robolab/yagarto-4.6.2/bin/../lib/gcc/arm-none-eabi/4.6.2/thumb/libgcc.a(_dvmd_tls.o)
 .ARM.attributes
                0x0000094c       0x1a /Applications/robolab/yagarto-4.6.2/bin/../lib/gcc/arm-none-eabi/4.6.2/thumb/libgcc.a(_arm_addsubdf3.o)
 .ARM.attributes
                0x00000966       0x1a /Applications/robolab/yagarto-4.6.2/bin/../lib/gcc/arm-none-eabi/4.6.2/thumb/libgcc.a(_arm_muldivdf3.o)
 .ARM.attributes
                0x00000980       0x1a /Applications/robolab/yagarto-4.6.2/bin/../lib/gcc/arm-none-eabi/4.6.2/thumb/libgcc.a(_arm_cmpdf2.o)
 .ARM.attributes
                0x0000099a       0x1a /Applications/robolab/yagarto-4.6.2/bin/../lib/gcc/arm-none-eabi/4.6.2/thumb/libgcc.a(_aeabi_ldivmod.o)
 .ARM.attributes
                0x000009b4       0x32 /Applications/robolab/yagarto-4.6.2/bin/../lib/gcc/arm-none-eabi/4.6.2/thumb/libgcc.a(_muldi3.o)
 .ARM.attributes
                0x000009e6       0x32 /Applications/robolab/yagarto-4.6.2/bin/../lib/gcc/arm-none-eabi/4.6.2/thumb/libgcc.a(bpabi.o)
 .ARM.attributes
                0x00000a18       0x32 /Applications/robolab/yagarto-4.6.2/bin/../lib/gcc/arm-none-eabi/4.6.2/thumb/libgcc.a(unwind-arm.o)
 .ARM.attributes
                0x00000a4a       0x1e /Applications/robolab/yagarto-4.6.2/bin/../lib/gcc/arm-none-eabi/4.6.2/thumb/libgcc.a(libunwind.o)
 .ARM.attributes
                0x00000a68       0x32 /Applications/robolab/yagarto-4.6.2/bin/../lib/gcc/arm-none-eabi/4.6.2/thumb/libgcc.a(pr-support.o)
 .ARM.attributes
                0x00000a9a       0x32 /Applications/robolab/yagarto-4.6.2/bin/../lib/gcc/arm-none-eabi/4.6.2/thumb/libgcc.a(_divdi3.o)
 .ARM.attributes
                0x00000acc       0x32 /Applications/robolab/yagarto-4.6.2/bin/../lib/gcc/arm-none-eabi/4.6.2/thumb/libgcc.a(_udivdi3.o)
 .ARM.attributes
                0x00000afe       0x1a /Applications/robolab/yagarto-4.6.2/bin/../lib/gcc/arm-none-eabi/4.6.2/thumb/libgcc.a(_clzsi2.o)
 .ARM.attributes
                0x00000b18       0x32 /Applications/robolab/yagarto-4.6.2/bin/../lib/gcc/arm-none-eabi/4.6.2/../../../../arm-none-eabi/lib/thumb/libc.a(lib_a-abort.o)
 .ARM.attributes
                0x00000b4a       0x32 /Applications/robolab/yagarto-4.6.2/bin/../lib/gcc/arm-none-eabi/4.6.2/../../../../arm-none-eabi/lib/thumb/libc.a(lib_a-cxa_finalize.o)
 .ARM.attributes
                0x00000b7c       0x32 /Applications/robolab/yagarto-4.6.2/bin/../lib/gcc/arm-none-eabi/4.6.2/../../../../arm-none-eabi/lib/thumb/libc.a(lib_a-memcpy.o)
 .ARM.attributes
                0x00000bae       0x32 /Applications/robolab/yagarto-4.6.2/bin/../lib/gcc/arm-none-eabi/4.6.2/../../../../arm-none-eabi/lib/thumb/libc.a(lib_a-memset.o)
 .ARM.attributes
                0x00000be0       0x32 /Applications/robolab/yagarto-4.6.2/bin/../lib/gcc/arm-none-eabi/4.6.2/../../../../arm-none-eabi/lib/thumb/libc.a(lib_a-signal.o)
 .ARM.attributes
                0x00000c12       0x32 /Applications/robolab/yagarto-4.6.2/bin/../lib/gcc/arm-none-eabi/4.6.2/../../../../arm-none-eabi/lib/thumb/libc.a(lib_a-signalr.o)
 .ARM.attributes
                0x00000c44       0x32 /Applications/robolab/yagarto-4.6.2/bin/../lib/gcc/arm-none-eabi/4.6.2/../../../../arm-none-eabi/lib/thumb/libc.a(lib_a-strcmp.o)
 .ARM.attributes
                0x00000c76       0x32 /Applications/robolab/yagarto-4.6.2/bin/../lib/gcc/arm-none-eabi/4.6.2/../../../../arm-none-eabi/lib/thumb/libc.a(lib_a-strcpy.o)
 .ARM.attributes
                0x00000ca8       0x32 /Applications/robolab/yagarto-4.6.2/bin/../lib/gcc/arm-none-eabi/4.6.2/../../../../arm-none-eabi/lib/thumb/libc.a(lib_a-strlen.o)
 .ARM.attributes
                0x00000cda       0x32 /Applications/robolab/yagarto-4.6.2/bin/../lib/gcc/arm-none-eabi/4.6.2/../../../../arm-none-eabi/lib/thumb/libc.a(lib_a-strncpy.o)
 .ARM.attributes
                0x00000d0c       0x32 /Applications/robolab/yagarto-4.6.2/bin/../lib/gcc/arm-none-eabi/4.6.2/../../../../arm-none-eabi/lib/thumb/libc.a(lib_a-__call_atexit.o)
 .ARM.attributes
                0x00000d3e       0x32 /Applications/robolab/yagarto-4.6.2/bin/../lib/gcc/arm-none-eabi/4.6.2/../../../../arm-none-eabi/lib/thumb/libc.a(lib_a-impure.o)
 .ARM.attributes
                0x00000d70       0x32 /Applications/robolab/yagarto-4.6.2/bin/../lib/gcc/arm-none-eabi/4.6.2/../../../../arm-none-eabi/lib/thumb/libc.a(lib_a-mallocr.o)
 .ARM.attributes
                0x00000da2       0x32 /Applications/robolab/yagarto-4.6.2/bin/../lib/gcc/arm-none-eabi/4.6.2/../../../../arm-none-eabi/lib/thumb/libc.a(lib_a-mlock.o)
 .ARM.attributes
                0x00000dd4       0x32 /Applications/robolab/yagarto-4.6.2/bin/../lib/gcc/arm-none-eabi/4.6.2/../../../../arm-none-eabi/lib/thumb/libc.a(lib_a-reent.o)
 .ARM.attributes
                0x00000e06       0x32 /Applications/robolab/yagarto-4.6.2/bin/../lib/gcc/arm-none-eabi/4.6.2/../../../../arm-none-eabi/lib/thumb/libc.a(lib_a-freer.o)
 .ARM.attributes
                0x00000e38       0x22 build/nxtvm/platform/nxt/vectors.o

Cross Reference Table

Symbol                                            File
ActivateTask                                      build/kernel/task_manage.o
CancelAlarm                                       build/kernel/alarm.o
ChainTask                                         build/kernel/task_manage.o
ClearEvent                                        build/kernel/event.o
DisableAllInterrupts                              build/kernel/interrupt.o
EnableAllInterrupts                               build/kernel/interrupt.o
ErrorHook                                         /Applications/robolab/nxtOSEK/ecrobot/../ecrobot/libecrobot.a(osek_hook.o)
                                                  build/kernel/osctl.o
GetActiveApplicationMode                          build/kernel/osctl.o
GetAlarm                                          build/kernel/alarm.o
GetAlarmBase                                      build/kernel/alarm.o
GetEvent                                          build/kernel/event.o
GetResource                                       build/kernel/resource.o
GetTaskID                                         build/kernel/task_manage.o
GetTaskState                                      build/kernel/task_manage.o
NXT_COLORSENSOR_PROTOCOLS                         /Applications/robolab/nxtOSEK/ecrobot/../ecrobot/libecrobot.a(ecrobot_interface.o)
NXT_Entry_Point                                   build/nxt_entry_point.o
                                                  build/nxt_binary_header.o
OSEK_Main_Task                                    build/./kernel_cfg.o
PostTaskHook                                      /Applications/robolab/nxtOSEK/ecrobot/../ecrobot/libecrobot.a(osek_hook.o)
                                                  build/config/at91sam7s-gnu/cpu_support.oram
                                                  build/kernel/osctl.o
PreTaskHook                                       /Applications/robolab/nxtOSEK/ecrobot/../ecrobot/libecrobot.a(osek_hook.o)
                                                  build/config/at91sam7s-gnu/cpu_support.oram
                                                  build/kernel/osctl.o
ReleaseResource                                   build/kernel/resource.o
ResumeAllInterrupts                               build/kernel/interrupt.o
ResumeOSInterrupts                                build/kernel/interrupt.o
Schedule                                          build/kernel/task_manage.o
SetAbsAlarm                                       build/kernel/alarm.o
SetEvent                                          build/kernel/event.o
SetRelAlarm                                       build/kernel/alarm.o
ShutdownHook                                      /Applications/robolab/nxtOSEK/ecrobot/../ecrobot/libecrobot.a(osek_hook.o)
                                                  build/kernel/osctl.o
ShutdownOS                                        build/kernel/osctl.o
SignalCounter                                     build/kernel/alarm.o
StartOS                                           build/kernel/osctl.o
                                                  build/ecrobot.o
StartupHook                                       /Applications/robolab/nxtOSEK/ecrobot/../ecrobot/libecrobot.a(osek_hook.o)
                                                  build/kernel/osctl.o
SuspendAllInterrupts                              build/kernel/interrupt.o
SuspendOSInterrupts                               build/kernel/interrupt.o
TaskMainOSEK_Main_Task                            build/src/main.o
                                                  build/./kernel_cfg.o
TerminateTask                                     build/kernel/task_manage.o
WaitEvent                                         build/kernel/event.o
_Unwind_Backtrace                                 /Applications/robolab/yagarto-4.6.2/bin/../lib/gcc/arm-none-eabi/4.6.2/thumb/libgcc.a(libunwind.o)
_Unwind_Complete                                  /Applications/robolab/yagarto-4.6.2/bin/../lib/gcc/arm-none-eabi/4.6.2/thumb/libgcc.a(unwind-arm.o)
_Unwind_DeleteException                           /Applications/robolab/yagarto-4.6.2/bin/../lib/gcc/arm-none-eabi/4.6.2/thumb/libgcc.a(unwind-arm.o)
_Unwind_ForcedUnwind                              /Applications/robolab/yagarto-4.6.2/bin/../lib/gcc/arm-none-eabi/4.6.2/thumb/libgcc.a(libunwind.o)
_Unwind_GetCFA                                    /Applications/robolab/yagarto-4.6.2/bin/../lib/gcc/arm-none-eabi/4.6.2/thumb/libgcc.a(unwind-arm.o)
_Unwind_GetDataRelBase                            /Applications/robolab/yagarto-4.6.2/bin/../lib/gcc/arm-none-eabi/4.6.2/thumb/libgcc.a(pr-support.o)
_Unwind_GetLanguageSpecificData                   /Applications/robolab/yagarto-4.6.2/bin/../lib/gcc/arm-none-eabi/4.6.2/thumb/libgcc.a(pr-support.o)
_Unwind_GetRegionStart                            /Applications/robolab/yagarto-4.6.2/bin/../lib/gcc/arm-none-eabi/4.6.2/thumb/libgcc.a(pr-support.o)
_Unwind_GetTextRelBase                            /Applications/robolab/yagarto-4.6.2/bin/../lib/gcc/arm-none-eabi/4.6.2/thumb/libgcc.a(pr-support.o)
_Unwind_RaiseException                            /Applications/robolab/yagarto-4.6.2/bin/../lib/gcc/arm-none-eabi/4.6.2/thumb/libgcc.a(libunwind.o)
_Unwind_Resume                                    /Applications/robolab/yagarto-4.6.2/bin/../lib/gcc/arm-none-eabi/4.6.2/thumb/libgcc.a(libunwind.o)
_Unwind_Resume_or_Rethrow                         /Applications/robolab/yagarto-4.6.2/bin/../lib/gcc/arm-none-eabi/4.6.2/thumb/libgcc.a(libunwind.o)
_Unwind_VRS_Get                                   /Applications/robolab/yagarto-4.6.2/bin/../lib/gcc/arm-none-eabi/4.6.2/thumb/libgcc.a(unwind-arm.o)
                                                  /Applications/robolab/yagarto-4.6.2/bin/../lib/gcc/arm-none-eabi/4.6.2/thumb/libgcc.a(pr-support.o)
_Unwind_VRS_Pop                                   /Applications/robolab/yagarto-4.6.2/bin/../lib/gcc/arm-none-eabi/4.6.2/thumb/libgcc.a(unwind-arm.o)
                                                  /Applications/robolab/yagarto-4.6.2/bin/../lib/gcc/arm-none-eabi/4.6.2/thumb/libgcc.a(pr-support.o)
_Unwind_VRS_Set                                   /Applications/robolab/yagarto-4.6.2/bin/../lib/gcc/arm-none-eabi/4.6.2/thumb/libgcc.a(unwind-arm.o)
                                                  /Applications/robolab/yagarto-4.6.2/bin/../lib/gcc/arm-none-eabi/4.6.2/thumb/libgcc.a(pr-support.o)
___Unwind_Backtrace                               /Applications/robolab/yagarto-4.6.2/bin/../lib/gcc/arm-none-eabi/4.6.2/thumb/libgcc.a(libunwind.o)
___Unwind_ForcedUnwind                            /Applications/robolab/yagarto-4.6.2/bin/../lib/gcc/arm-none-eabi/4.6.2/thumb/libgcc.a(libunwind.o)
___Unwind_RaiseException                          /Applications/robolab/yagarto-4.6.2/bin/../lib/gcc/arm-none-eabi/4.6.2/thumb/libgcc.a(libunwind.o)
___Unwind_Resume                                  /Applications/robolab/yagarto-4.6.2/bin/../lib/gcc/arm-none-eabi/4.6.2/thumb/libgcc.a(libunwind.o)
___Unwind_Resume_or_Rethrow                       /Applications/robolab/yagarto-4.6.2/bin/../lib/gcc/arm-none-eabi/4.6.2/thumb/libgcc.a(libunwind.o)
__adddf3                                          /Applications/robolab/yagarto-4.6.2/bin/../lib/gcc/arm-none-eabi/4.6.2/thumb/libgcc.a(_arm_addsubdf3.o)
__aeabi_cdcmpeq                                   /Applications/robolab/yagarto-4.6.2/bin/../lib/gcc/arm-none-eabi/4.6.2/thumb/libgcc.a(_arm_cmpdf2.o)
__aeabi_cdcmple                                   /Applications/robolab/yagarto-4.6.2/bin/../lib/gcc/arm-none-eabi/4.6.2/thumb/libgcc.a(_arm_cmpdf2.o)
__aeabi_cdrcmple                                  /Applications/robolab/yagarto-4.6.2/bin/../lib/gcc/arm-none-eabi/4.6.2/thumb/libgcc.a(_arm_cmpdf2.o)
__aeabi_dadd                                      /Applications/robolab/yagarto-4.6.2/bin/../lib/gcc/arm-none-eabi/4.6.2/thumb/libgcc.a(_arm_addsubdf3.o)
__aeabi_dcmpeq                                    /Applications/robolab/yagarto-4.6.2/bin/../lib/gcc/arm-none-eabi/4.6.2/thumb/libgcc.a(_arm_cmpdf2.o)
__aeabi_dcmpge                                    /Applications/robolab/yagarto-4.6.2/bin/../lib/gcc/arm-none-eabi/4.6.2/thumb/libgcc.a(_arm_cmpdf2.o)
__aeabi_dcmpgt                                    /Applications/robolab/yagarto-4.6.2/bin/../lib/gcc/arm-none-eabi/4.6.2/thumb/libgcc.a(_arm_cmpdf2.o)
                                                  /Applications/robolab/nxtOSEK/ecrobot/../ecrobot/libecrobot.a(colorsensor.o)
__aeabi_dcmple                                    /Applications/robolab/yagarto-4.6.2/bin/../lib/gcc/arm-none-eabi/4.6.2/thumb/libgcc.a(_arm_cmpdf2.o)
__aeabi_dcmplt                                    /Applications/robolab/yagarto-4.6.2/bin/../lib/gcc/arm-none-eabi/4.6.2/thumb/libgcc.a(_arm_cmpdf2.o)
__aeabi_ddiv                                      /Applications/robolab/yagarto-4.6.2/bin/../lib/gcc/arm-none-eabi/4.6.2/thumb/libgcc.a(_arm_muldivdf3.o)
__aeabi_dmul                                      /Applications/robolab/yagarto-4.6.2/bin/../lib/gcc/arm-none-eabi/4.6.2/thumb/libgcc.a(_arm_muldivdf3.o)
                                                  /Applications/robolab/nxtOSEK/ecrobot/../ecrobot/libecrobot.a(colorsensor.o)
__aeabi_drsub                                     /Applications/robolab/yagarto-4.6.2/bin/../lib/gcc/arm-none-eabi/4.6.2/thumb/libgcc.a(_arm_addsubdf3.o)
__aeabi_dsub                                      /Applications/robolab/yagarto-4.6.2/bin/../lib/gcc/arm-none-eabi/4.6.2/thumb/libgcc.a(_arm_addsubdf3.o)
__aeabi_f2d                                       /Applications/robolab/yagarto-4.6.2/bin/../lib/gcc/arm-none-eabi/4.6.2/thumb/libgcc.a(_arm_addsubdf3.o)
__aeabi_i2d                                       /Applications/robolab/yagarto-4.6.2/bin/../lib/gcc/arm-none-eabi/4.6.2/thumb/libgcc.a(_arm_addsubdf3.o)
                                                  /Applications/robolab/nxtOSEK/ecrobot/../ecrobot/libecrobot.a(colorsensor.o)
__aeabi_idiv                                      /Applications/robolab/yagarto-4.6.2/bin/../lib/gcc/arm-none-eabi/4.6.2/thumb/libgcc.a(_divsi3.o)
                                                  /Applications/robolab/nxtOSEK/ecrobot/../ecrobot/libecrobot.a(sound.oram)
                                                  /Applications/robolab/nxtOSEK/ecrobot/../ecrobot/libecrobot.a(uart.oram)
__aeabi_idiv0                                     /Applications/robolab/yagarto-4.6.2/bin/../lib/gcc/arm-none-eabi/4.6.2/thumb/libgcc.a(_dvmd_tls.o)
                                                  /Applications/robolab/yagarto-4.6.2/bin/../lib/gcc/arm-none-eabi/4.6.2/thumb/libgcc.a(_divsi3.o)
                                                  /Applications/robolab/yagarto-4.6.2/bin/../lib/gcc/arm-none-eabi/4.6.2/thumb/libgcc.a(_udivsi3.o)
__aeabi_idivmod                                   /Applications/robolab/yagarto-4.6.2/bin/../lib/gcc/arm-none-eabi/4.6.2/thumb/libgcc.a(_divsi3.o)
                                                  /Applications/robolab/nxtOSEK/ecrobot/../ecrobot/libecrobot.a(flash_loader.oram)
                                                  /Applications/robolab/nxtOSEK/ecrobot/../ecrobot/libecrobot.a(sound.oram)
__aeabi_l2d                                       /Applications/robolab/yagarto-4.6.2/bin/../lib/gcc/arm-none-eabi/4.6.2/thumb/libgcc.a(_arm_addsubdf3.o)
__aeabi_ldiv0                                     /Applications/robolab/yagarto-4.6.2/bin/../lib/gcc/arm-none-eabi/4.6.2/thumb/libgcc.a(_dvmd_tls.o)
                                                  /Applications/robolab/yagarto-4.6.2/bin/../lib/gcc/arm-none-eabi/4.6.2/thumb/libgcc.a(_aeabi_ldivmod.o)
__aeabi_ldivmod                                   /Applications/robolab/yagarto-4.6.2/bin/../lib/gcc/arm-none-eabi/4.6.2/thumb/libgcc.a(_aeabi_ldivmod.o)
                                                  /Applications/robolab/nxtOSEK/ecrobot/../ecrobot/libecrobot.a(sound.oram)
__aeabi_lmul                                      /Applications/robolab/yagarto-4.6.2/bin/../lib/gcc/arm-none-eabi/4.6.2/thumb/libgcc.a(_muldi3.o)
                                                  /Applications/robolab/yagarto-4.6.2/bin/../lib/gcc/arm-none-eabi/4.6.2/thumb/libgcc.a(bpabi.o)
                                                  /Applications/robolab/nxtOSEK/ecrobot/../ecrobot/libecrobot.a(sound.oram)
__aeabi_ui2d                                      /Applications/robolab/yagarto-4.6.2/bin/../lib/gcc/arm-none-eabi/4.6.2/thumb/libgcc.a(_arm_addsubdf3.o)
__aeabi_uidiv                                     /Applications/robolab/yagarto-4.6.2/bin/../lib/gcc/arm-none-eabi/4.6.2/thumb/libgcc.a(_udivsi3.o)
                                                  /Applications/robolab/yagarto-4.6.2/bin/../lib/gcc/arm-none-eabi/4.6.2/thumb/libgcc.a(_udivdi3.o)
                                                  /Applications/robolab/yagarto-4.6.2/bin/../lib/gcc/arm-none-eabi/4.6.2/thumb/libgcc.a(_divdi3.o)
                                                  /Applications/robolab/nxtOSEK/ecrobot/../ecrobot/libecrobot.a(sound.oram)
                                                  /Applications/robolab/nxtOSEK/ecrobot/../ecrobot/libecrobot.a(display.oram)
                                                  /Applications/robolab/nxtOSEK/ecrobot/../ecrobot/libecrobot.a(ecrobot_interface.o)
                                                  build/ecrobot_base.o
__aeabi_uidivmod                                  /Applications/robolab/yagarto-4.6.2/bin/../lib/gcc/arm-none-eabi/4.6.2/thumb/libgcc.a(_udivsi3.o)
                                                  /Applications/robolab/yagarto-4.6.2/bin/../lib/gcc/arm-none-eabi/4.6.2/thumb/libgcc.a(_udivdi3.o)
                                                  /Applications/robolab/yagarto-4.6.2/bin/../lib/gcc/arm-none-eabi/4.6.2/thumb/libgcc.a(_divdi3.o)
                                                  /Applications/robolab/nxtOSEK/ecrobot/../ecrobot/libecrobot.a(display.oram)
__aeabi_ul2d                                      /Applications/robolab/yagarto-4.6.2/bin/../lib/gcc/arm-none-eabi/4.6.2/thumb/libgcc.a(_arm_addsubdf3.o)
__aeabi_unwind_cpp_pr0                            /Applications/robolab/yagarto-4.6.2/bin/../lib/gcc/arm-none-eabi/4.6.2/thumb/libgcc.a(unwind-arm.o)
                                                  /Applications/robolab/yagarto-4.6.2/bin/../lib/gcc/arm-none-eabi/4.6.2/thumb/libgcc.a(pr-support.o)
                                                  /Applications/robolab/yagarto-4.6.2/bin/../lib/gcc/arm-none-eabi/4.6.2/thumb/libgcc.a(bpabi.o)
__aeabi_unwind_cpp_pr1                            /Applications/robolab/yagarto-4.6.2/bin/../lib/gcc/arm-none-eabi/4.6.2/thumb/libgcc.a(unwind-arm.o)
                                                  /Applications/robolab/yagarto-4.6.2/bin/../lib/gcc/arm-none-eabi/4.6.2/thumb/libgcc.a(_udivdi3.o)
                                                  /Applications/robolab/yagarto-4.6.2/bin/../lib/gcc/arm-none-eabi/4.6.2/thumb/libgcc.a(_divdi3.o)
                                                  /Applications/robolab/yagarto-4.6.2/bin/../lib/gcc/arm-none-eabi/4.6.2/thumb/libgcc.a(pr-support.o)
__aeabi_unwind_cpp_pr2                            /Applications/robolab/yagarto-4.6.2/bin/../lib/gcc/arm-none-eabi/4.6.2/thumb/libgcc.a(unwind-arm.o)
__bss_end__                                       build/ecrobot_init.o
__bss_start__                                     build/ecrobot_init.o
__call_exitprocs                                  /Applications/robolab/yagarto-4.6.2/bin/../lib/gcc/arm-none-eabi/4.6.2/../../../../arm-none-eabi/lib/thumb/libc.a(lib_a-__call_atexit.o)
                                                  /Applications/robolab/yagarto-4.6.2/bin/../lib/gcc/arm-none-eabi/4.6.2/../../../../arm-none-eabi/lib/thumb/libc.a(lib_a-cxa_finalize.o)
__clzsi2                                          /Applications/robolab/yagarto-4.6.2/bin/../lib/gcc/arm-none-eabi/4.6.2/thumb/libgcc.a(_clzsi2.o)
                                                  /Applications/robolab/yagarto-4.6.2/bin/../lib/gcc/arm-none-eabi/4.6.2/thumb/libgcc.a(_udivdi3.o)
                                                  /Applications/robolab/yagarto-4.6.2/bin/../lib/gcc/arm-none-eabi/4.6.2/thumb/libgcc.a(_divdi3.o)
__cmpdf2                                          /Applications/robolab/yagarto-4.6.2/bin/../lib/gcc/arm-none-eabi/4.6.2/thumb/libgcc.a(_arm_cmpdf2.o)
__ctor_begin                                      build/ecrobot_base.o
__ctor_end                                        build/ecrobot_base.o
__cxa_begin_cleanup                               /Applications/robolab/yagarto-4.6.2/bin/../lib/gcc/arm-none-eabi/4.6.2/thumb/libgcc.a(unwind-arm.o)
__cxa_call_unexpected                             /Applications/robolab/yagarto-4.6.2/bin/../lib/gcc/arm-none-eabi/4.6.2/thumb/libgcc.a(unwind-arm.o)
__cxa_finalize                                    /Applications/robolab/yagarto-4.6.2/bin/../lib/gcc/arm-none-eabi/4.6.2/../../../../arm-none-eabi/lib/thumb/libc.a(lib_a-cxa_finalize.o)
                                                  build/ecrobot_base.o
__cxa_type_match                                  /Applications/robolab/yagarto-4.6.2/bin/../lib/gcc/arm-none-eabi/4.6.2/thumb/libgcc.a(unwind-arm.o)
__data_load_end__                                 build/ecrobot_init.o
__data_load_start__                               build/ecrobot_init.o
__data_ram_start__                                build/ecrobot_init.o
__divdf3                                          /Applications/robolab/yagarto-4.6.2/bin/../lib/gcc/arm-none-eabi/4.6.2/thumb/libgcc.a(_arm_muldivdf3.o)
__divdi3                                          /Applications/robolab/yagarto-4.6.2/bin/../lib/gcc/arm-none-eabi/4.6.2/thumb/libgcc.a(_divdi3.o)
                                                  /Applications/robolab/yagarto-4.6.2/bin/../lib/gcc/arm-none-eabi/4.6.2/thumb/libgcc.a(bpabi.o)
__divsi3                                          /Applications/robolab/yagarto-4.6.2/bin/../lib/gcc/arm-none-eabi/4.6.2/thumb/libgcc.a(_divsi3.o)
__eqdf2                                           /Applications/robolab/yagarto-4.6.2/bin/../lib/gcc/arm-none-eabi/4.6.2/thumb/libgcc.a(_arm_cmpdf2.o)
__exidx_end                                       /Applications/robolab/yagarto-4.6.2/bin/../lib/gcc/arm-none-eabi/4.6.2/thumb/libgcc.a(unwind-arm.o)
__exidx_start                                     /Applications/robolab/yagarto-4.6.2/bin/../lib/gcc/arm-none-eabi/4.6.2/thumb/libgcc.a(unwind-arm.o)
__extendsfdf2                                     /Applications/robolab/yagarto-4.6.2/bin/../lib/gcc/arm-none-eabi/4.6.2/thumb/libgcc.a(_arm_addsubdf3.o)
__floatdidf                                       /Applications/robolab/yagarto-4.6.2/bin/../lib/gcc/arm-none-eabi/4.6.2/thumb/libgcc.a(_arm_addsubdf3.o)
__floatsidf                                       /Applications/robolab/yagarto-4.6.2/bin/../lib/gcc/arm-none-eabi/4.6.2/thumb/libgcc.a(_arm_addsubdf3.o)
__floatundidf                                     /Applications/robolab/yagarto-4.6.2/bin/../lib/gcc/arm-none-eabi/4.6.2/thumb/libgcc.a(_arm_addsubdf3.o)
__floatunsidf                                     /Applications/robolab/yagarto-4.6.2/bin/../lib/gcc/arm-none-eabi/4.6.2/thumb/libgcc.a(_arm_addsubdf3.o)
__gedf2                                           /Applications/robolab/yagarto-4.6.2/bin/../lib/gcc/arm-none-eabi/4.6.2/thumb/libgcc.a(_arm_cmpdf2.o)
__gnu_Unwind_Backtrace                            /Applications/robolab/yagarto-4.6.2/bin/../lib/gcc/arm-none-eabi/4.6.2/thumb/libgcc.a(unwind-arm.o)
                                                  /Applications/robolab/yagarto-4.6.2/bin/../lib/gcc/arm-none-eabi/4.6.2/thumb/libgcc.a(libunwind.o)
__gnu_Unwind_Find_exidx                           /Applications/robolab/yagarto-4.6.2/bin/../lib/gcc/arm-none-eabi/4.6.2/thumb/libgcc.a(unwind-arm.o)
__gnu_Unwind_ForcedUnwind                         /Applications/robolab/yagarto-4.6.2/bin/../lib/gcc/arm-none-eabi/4.6.2/thumb/libgcc.a(unwind-arm.o)
                                                  /Applications/robolab/yagarto-4.6.2/bin/../lib/gcc/arm-none-eabi/4.6.2/thumb/libgcc.a(libunwind.o)
__gnu_Unwind_RaiseException                       /Applications/robolab/yagarto-4.6.2/bin/../lib/gcc/arm-none-eabi/4.6.2/thumb/libgcc.a(unwind-arm.o)
                                                  /Applications/robolab/yagarto-4.6.2/bin/../lib/gcc/arm-none-eabi/4.6.2/thumb/libgcc.a(libunwind.o)
__gnu_Unwind_Restore_VFP                          /Applications/robolab/yagarto-4.6.2/bin/../lib/gcc/arm-none-eabi/4.6.2/thumb/libgcc.a(libunwind.o)
                                                  /Applications/robolab/yagarto-4.6.2/bin/../lib/gcc/arm-none-eabi/4.6.2/thumb/libgcc.a(unwind-arm.o)
__gnu_Unwind_Restore_VFP_D                        /Applications/robolab/yagarto-4.6.2/bin/../lib/gcc/arm-none-eabi/4.6.2/thumb/libgcc.a(libunwind.o)
                                                  /Applications/robolab/yagarto-4.6.2/bin/../lib/gcc/arm-none-eabi/4.6.2/thumb/libgcc.a(unwind-arm.o)
__gnu_Unwind_Restore_VFP_D_16_to_31               /Applications/robolab/yagarto-4.6.2/bin/../lib/gcc/arm-none-eabi/4.6.2/thumb/libgcc.a(libunwind.o)
                                                  /Applications/robolab/yagarto-4.6.2/bin/../lib/gcc/arm-none-eabi/4.6.2/thumb/libgcc.a(unwind-arm.o)
__gnu_Unwind_Restore_WMMXC                        /Applications/robolab/yagarto-4.6.2/bin/../lib/gcc/arm-none-eabi/4.6.2/thumb/libgcc.a(libunwind.o)
                                                  /Applications/robolab/yagarto-4.6.2/bin/../lib/gcc/arm-none-eabi/4.6.2/thumb/libgcc.a(unwind-arm.o)
__gnu_Unwind_Restore_WMMXD                        /Applications/robolab/yagarto-4.6.2/bin/../lib/gcc/arm-none-eabi/4.6.2/thumb/libgcc.a(libunwind.o)
                                                  /Applications/robolab/yagarto-4.6.2/bin/../lib/gcc/arm-none-eabi/4.6.2/thumb/libgcc.a(unwind-arm.o)
__gnu_Unwind_Resume                               /Applications/robolab/yagarto-4.6.2/bin/../lib/gcc/arm-none-eabi/4.6.2/thumb/libgcc.a(unwind-arm.o)
                                                  /Applications/robolab/yagarto-4.6.2/bin/../lib/gcc/arm-none-eabi/4.6.2/thumb/libgcc.a(libunwind.o)
__gnu_Unwind_Resume_or_Rethrow                    /Applications/robolab/yagarto-4.6.2/bin/../lib/gcc/arm-none-eabi/4.6.2/thumb/libgcc.a(unwind-arm.o)
                                                  /Applications/robolab/yagarto-4.6.2/bin/../lib/gcc/arm-none-eabi/4.6.2/thumb/libgcc.a(libunwind.o)
__gnu_Unwind_Save_VFP                             /Applications/robolab/yagarto-4.6.2/bin/../lib/gcc/arm-none-eabi/4.6.2/thumb/libgcc.a(libunwind.o)
                                                  /Applications/robolab/yagarto-4.6.2/bin/../lib/gcc/arm-none-eabi/4.6.2/thumb/libgcc.a(unwind-arm.o)
__gnu_Unwind_Save_VFP_D                           /Applications/robolab/yagarto-4.6.2/bin/../lib/gcc/arm-none-eabi/4.6.2/thumb/libgcc.a(libunwind.o)
                                                  /Applications/robolab/yagarto-4.6.2/bin/../lib/gcc/arm-none-eabi/4.6.2/thumb/libgcc.a(unwind-arm.o)
__gnu_Unwind_Save_VFP_D_16_to_31                  /Applications/robolab/yagarto-4.6.2/bin/../lib/gcc/arm-none-eabi/4.6.2/thumb/libgcc.a(libunwind.o)
                                                  /Applications/robolab/yagarto-4.6.2/bin/../lib/gcc/arm-none-eabi/4.6.2/thumb/libgcc.a(unwind-arm.o)
__gnu_Unwind_Save_WMMXC                           /Applications/robolab/yagarto-4.6.2/bin/../lib/gcc/arm-none-eabi/4.6.2/thumb/libgcc.a(libunwind.o)
                                                  /Applications/robolab/yagarto-4.6.2/bin/../lib/gcc/arm-none-eabi/4.6.2/thumb/libgcc.a(unwind-arm.o)
__gnu_Unwind_Save_WMMXD                           /Applications/robolab/yagarto-4.6.2/bin/../lib/gcc/arm-none-eabi/4.6.2/thumb/libgcc.a(libunwind.o)
                                                  /Applications/robolab/yagarto-4.6.2/bin/../lib/gcc/arm-none-eabi/4.6.2/thumb/libgcc.a(unwind-arm.o)
__gnu_ldivmod_helper                              /Applications/robolab/yagarto-4.6.2/bin/../lib/gcc/arm-none-eabi/4.6.2/thumb/libgcc.a(bpabi.o)
                                                  /Applications/robolab/yagarto-4.6.2/bin/../lib/gcc/arm-none-eabi/4.6.2/thumb/libgcc.a(_aeabi_ldivmod.o)
__gnu_thumb1_case_uhi                             /Applications/robolab/yagarto-4.6.2/bin/../lib/gcc/arm-none-eabi/4.6.2/thumb/libgcc.a(_thumb1_case_uhi.o)
                                                  /Applications/robolab/nxtOSEK/ecrobot/../ecrobot/libecrobot.a(i2c.oram)
__gnu_thumb1_case_uqi                             /Applications/robolab/yagarto-4.6.2/bin/../lib/gcc/arm-none-eabi/4.6.2/thumb/libgcc.a(_thumb1_case_uqi.o)
                                                  /Applications/robolab/nxtOSEK/ecrobot/../ecrobot/libecrobot.a(sensors1.oram)
                                                  /Applications/robolab/nxtOSEK/ecrobot/../ecrobot/libecrobot.a(nxt_avr.oram)
                                                  /Applications/robolab/nxtOSEK/ecrobot/../ecrobot/libecrobot.a(uart.oram)
__gnu_uldivmod_helper                             /Applications/robolab/yagarto-4.6.2/bin/../lib/gcc/arm-none-eabi/4.6.2/thumb/libgcc.a(bpabi.o)
__gnu_unwind_execute                              /Applications/robolab/yagarto-4.6.2/bin/../lib/gcc/arm-none-eabi/4.6.2/thumb/libgcc.a(pr-support.o)